# serializer version: 1
# name: test_process_aphrodite_precipitation_data
  dict({
    'admin_level_0': dict({
      0: nan,
      1: nan,
      2: nan,
      3: nan,
      4: nan,
      5: nan,
      6: nan,
      7: nan,
      8: nan,
      9: nan,
      10: nan,
      11: nan,
      12: nan,
      13: nan,
      14: nan,
      15: nan,
      16: nan,
      17: nan,
      18: nan,
      19: nan,
      20: nan,
      21: nan,
      22: nan,
      23: nan,
      24: nan,
      25: nan,
      26: nan,
      27: nan,
      28: nan,
      29: nan,
      30: nan,
      31: nan,
      32: nan,
      33: nan,
      34: nan,
      35: nan,
      36: nan,
      37: nan,
      38: nan,
      39: nan,
      40: nan,
      41: nan,
      42: nan,
      43: nan,
      44: nan,
      45: nan,
      46: nan,
      47: nan,
      48: nan,
      49: nan,
      50: nan,
      51: nan,
      52: nan,
      53: nan,
      54: nan,
      55: nan,
      56: nan,
      57: nan,
      58: nan,
      59: nan,
      60: nan,
      61: nan,
      62: nan,
      63: nan,
      64: nan,
      65: nan,
      66: nan,
      67: nan,
      68: nan,
      69: nan,
      70: nan,
      71: nan,
      72: nan,
      73: nan,
      74: nan,
      75: nan,
      76: nan,
      77: nan,
      78: nan,
      79: nan,
      80: nan,
      81: nan,
      82: nan,
      83: nan,
      84: nan,
      85: nan,
      86: nan,
      87: nan,
      88: nan,
      89: nan,
      90: nan,
      91: nan,
      92: nan,
      93: nan,
      94: nan,
      95: nan,
      96: nan,
      97: nan,
      98: nan,
      99: nan,
      100: nan,
      101: nan,
      102: nan,
      103: nan,
      104: nan,
      105: nan,
      106: nan,
      107: nan,
      108: nan,
      109: nan,
      110: nan,
      111: nan,
      112: nan,
      113: nan,
      114: nan,
      115: nan,
      116: nan,
      117: nan,
      118: nan,
      119: nan,
      120: nan,
      121: nan,
      122: nan,
      123: nan,
      124: nan,
      125: nan,
      126: nan,
      127: nan,
      128: nan,
      129: nan,
      130: nan,
      131: nan,
      132: nan,
      133: nan,
      134: nan,
      135: nan,
      136: nan,
      137: nan,
      138: nan,
      139: nan,
      140: nan,
      141: nan,
      142: nan,
      143: nan,
      144: nan,
      145: nan,
      146: nan,
      147: nan,
      148: nan,
      149: nan,
      150: nan,
      151: nan,
      152: nan,
      153: nan,
      154: nan,
      155: nan,
      156: nan,
      157: nan,
      158: nan,
      159: nan,
      160: nan,
      161: nan,
      162: nan,
      163: nan,
      164: nan,
      165: nan,
      166: nan,
      167: nan,
      168: nan,
      169: nan,
      170: nan,
      171: nan,
      172: nan,
      173: nan,
      174: nan,
      175: nan,
      176: nan,
      177: nan,
      178: nan,
      179: nan,
      180: nan,
      181: nan,
      182: nan,
      183: nan,
      184: nan,
      185: nan,
      186: nan,
      187: nan,
      188: nan,
      189: nan,
      190: nan,
      191: nan,
      192: nan,
      193: nan,
      194: nan,
      195: nan,
      196: nan,
      197: nan,
      198: nan,
      199: nan,
      200: nan,
      201: nan,
      202: nan,
      203: nan,
      204: nan,
      205: nan,
      206: nan,
      207: nan,
      208: nan,
      209: nan,
      210: nan,
      211: nan,
      212: nan,
      213: nan,
      214: nan,
      215: nan,
      216: nan,
      217: nan,
      218: nan,
      219: nan,
      220: nan,
      221: nan,
      222: nan,
      223: nan,
      224: nan,
      225: nan,
      226: nan,
      227: nan,
      228: nan,
      229: nan,
      230: nan,
      231: nan,
      232: nan,
      233: nan,
      234: nan,
      235: nan,
      236: nan,
      237: nan,
      238: nan,
      239: nan,
      240: nan,
      241: nan,
      242: nan,
      243: nan,
      244: nan,
      245: nan,
      246: nan,
      247: nan,
      248: nan,
      249: nan,
      250: nan,
      251: nan,
      252: nan,
      253: nan,
      254: nan,
      255: nan,
      256: nan,
      257: nan,
      258: nan,
      259: nan,
      260: nan,
      261: nan,
      262: nan,
      263: nan,
      264: nan,
      265: nan,
      266: nan,
      267: nan,
      268: nan,
      269: nan,
      270: nan,
      271: nan,
      272: nan,
      273: nan,
      274: nan,
      275: nan,
      276: nan,
      277: nan,
      278: nan,
      279: nan,
      280: nan,
      281: nan,
      282: nan,
      283: nan,
      284: nan,
      285: nan,
      286: nan,
      287: nan,
      288: nan,
      289: nan,
      290: nan,
      291: nan,
      292: nan,
      293: nan,
      294: nan,
      295: nan,
      296: nan,
      297: nan,
      298: nan,
      299: nan,
      300: nan,
      301: nan,
      302: nan,
      303: nan,
      304: nan,
      305: nan,
      306: nan,
      307: nan,
      308: nan,
      309: nan,
      310: nan,
      311: nan,
      312: nan,
      313: nan,
      314: nan,
      315: nan,
      316: nan,
      317: nan,
      318: nan,
      319: nan,
      320: nan,
      321: nan,
      322: nan,
      323: nan,
      324: nan,
      325: nan,
      326: nan,
      327: nan,
      328: nan,
      329: nan,
      330: nan,
      331: nan,
      332: nan,
      333: nan,
      334: nan,
      335: nan,
      336: nan,
      337: nan,
      338: nan,
      339: nan,
      340: nan,
      341: nan,
      342: nan,
      343: nan,
      344: nan,
      345: nan,
      346: nan,
      347: nan,
      348: nan,
      349: nan,
      350: nan,
      351: nan,
      352: nan,
      353: nan,
      354: nan,
      355: nan,
      356: nan,
      357: nan,
      358: nan,
      359: nan,
      360: nan,
      361: nan,
      362: nan,
      363: nan,
      364: nan,
    }),
    'admin_level_1': dict({
      0: nan,
      1: nan,
      2: nan,
      3: nan,
      4: nan,
      5: nan,
      6: nan,
      7: nan,
      8: nan,
      9: nan,
      10: nan,
      11: nan,
      12: nan,
      13: nan,
      14: nan,
      15: nan,
      16: nan,
      17: nan,
      18: nan,
      19: nan,
      20: nan,
      21: nan,
      22: nan,
      23: nan,
      24: nan,
      25: nan,
      26: nan,
      27: nan,
      28: nan,
      29: nan,
      30: nan,
      31: nan,
      32: nan,
      33: nan,
      34: nan,
      35: nan,
      36: nan,
      37: nan,
      38: nan,
      39: nan,
      40: nan,
      41: nan,
      42: nan,
      43: nan,
      44: nan,
      45: nan,
      46: nan,
      47: nan,
      48: nan,
      49: nan,
      50: nan,
      51: nan,
      52: nan,
      53: nan,
      54: nan,
      55: nan,
      56: nan,
      57: nan,
      58: nan,
      59: nan,
      60: nan,
      61: nan,
      62: nan,
      63: nan,
      64: nan,
      65: nan,
      66: nan,
      67: nan,
      68: nan,
      69: nan,
      70: nan,
      71: nan,
      72: nan,
      73: nan,
      74: nan,
      75: nan,
      76: nan,
      77: nan,
      78: nan,
      79: nan,
      80: nan,
      81: nan,
      82: nan,
      83: nan,
      84: nan,
      85: nan,
      86: nan,
      87: nan,
      88: nan,
      89: nan,
      90: nan,
      91: nan,
      92: nan,
      93: nan,
      94: nan,
      95: nan,
      96: nan,
      97: nan,
      98: nan,
      99: nan,
      100: nan,
      101: nan,
      102: nan,
      103: nan,
      104: nan,
      105: nan,
      106: nan,
      107: nan,
      108: nan,
      109: nan,
      110: nan,
      111: nan,
      112: nan,
      113: nan,
      114: nan,
      115: nan,
      116: nan,
      117: nan,
      118: nan,
      119: nan,
      120: nan,
      121: nan,
      122: nan,
      123: nan,
      124: nan,
      125: nan,
      126: nan,
      127: nan,
      128: nan,
      129: nan,
      130: nan,
      131: nan,
      132: nan,
      133: nan,
      134: nan,
      135: nan,
      136: nan,
      137: nan,
      138: nan,
      139: nan,
      140: nan,
      141: nan,
      142: nan,
      143: nan,
      144: nan,
      145: nan,
      146: nan,
      147: nan,
      148: nan,
      149: nan,
      150: nan,
      151: nan,
      152: nan,
      153: nan,
      154: nan,
      155: nan,
      156: nan,
      157: nan,
      158: nan,
      159: nan,
      160: nan,
      161: nan,
      162: nan,
      163: nan,
      164: nan,
      165: nan,
      166: nan,
      167: nan,
      168: nan,
      169: nan,
      170: nan,
      171: nan,
      172: nan,
      173: nan,
      174: nan,
      175: nan,
      176: nan,
      177: nan,
      178: nan,
      179: nan,
      180: nan,
      181: nan,
      182: nan,
      183: nan,
      184: nan,
      185: nan,
      186: nan,
      187: nan,
      188: nan,
      189: nan,
      190: nan,
      191: nan,
      192: nan,
      193: nan,
      194: nan,
      195: nan,
      196: nan,
      197: nan,
      198: nan,
      199: nan,
      200: nan,
      201: nan,
      202: nan,
      203: nan,
      204: nan,
      205: nan,
      206: nan,
      207: nan,
      208: nan,
      209: nan,
      210: nan,
      211: nan,
      212: nan,
      213: nan,
      214: nan,
      215: nan,
      216: nan,
      217: nan,
      218: nan,
      219: nan,
      220: nan,
      221: nan,
      222: nan,
      223: nan,
      224: nan,
      225: nan,
      226: nan,
      227: nan,
      228: nan,
      229: nan,
      230: nan,
      231: nan,
      232: nan,
      233: nan,
      234: nan,
      235: nan,
      236: nan,
      237: nan,
      238: nan,
      239: nan,
      240: nan,
      241: nan,
      242: nan,
      243: nan,
      244: nan,
      245: nan,
      246: nan,
      247: nan,
      248: nan,
      249: nan,
      250: nan,
      251: nan,
      252: nan,
      253: nan,
      254: nan,
      255: nan,
      256: nan,
      257: nan,
      258: nan,
      259: nan,
      260: nan,
      261: nan,
      262: nan,
      263: nan,
      264: nan,
      265: nan,
      266: nan,
      267: nan,
      268: nan,
      269: nan,
      270: nan,
      271: nan,
      272: nan,
      273: nan,
      274: nan,
      275: nan,
      276: nan,
      277: nan,
      278: nan,
      279: nan,
      280: nan,
      281: nan,
      282: nan,
      283: nan,
      284: nan,
      285: nan,
      286: nan,
      287: nan,
      288: nan,
      289: nan,
      290: nan,
      291: nan,
      292: nan,
      293: nan,
      294: nan,
      295: nan,
      296: nan,
      297: nan,
      298: nan,
      299: nan,
      300: nan,
      301: nan,
      302: nan,
      303: nan,
      304: nan,
      305: nan,
      306: nan,
      307: nan,
      308: nan,
      309: nan,
      310: nan,
      311: nan,
      312: nan,
      313: nan,
      314: nan,
      315: nan,
      316: nan,
      317: nan,
      318: nan,
      319: nan,
      320: nan,
      321: nan,
      322: nan,
      323: nan,
      324: nan,
      325: nan,
      326: nan,
      327: nan,
      328: nan,
      329: nan,
      330: nan,
      331: nan,
      332: nan,
      333: nan,
      334: nan,
      335: nan,
      336: nan,
      337: nan,
      338: nan,
      339: nan,
      340: nan,
      341: nan,
      342: nan,
      343: nan,
      344: nan,
      345: nan,
      346: nan,
      347: nan,
      348: nan,
      349: nan,
      350: nan,
      351: nan,
      352: nan,
      353: nan,
      354: nan,
      355: nan,
      356: nan,
      357: nan,
      358: nan,
      359: nan,
      360: nan,
      361: nan,
      362: nan,
      363: nan,
      364: nan,
    }),
    'admin_level_2': dict({
      0: nan,
      1: nan,
      2: nan,
      3: nan,
      4: nan,
      5: nan,
      6: nan,
      7: nan,
      8: nan,
      9: nan,
      10: nan,
      11: nan,
      12: nan,
      13: nan,
      14: nan,
      15: nan,
      16: nan,
      17: nan,
      18: nan,
      19: nan,
      20: nan,
      21: nan,
      22: nan,
      23: nan,
      24: nan,
      25: nan,
      26: nan,
      27: nan,
      28: nan,
      29: nan,
      30: nan,
      31: nan,
      32: nan,
      33: nan,
      34: nan,
      35: nan,
      36: nan,
      37: nan,
      38: nan,
      39: nan,
      40: nan,
      41: nan,
      42: nan,
      43: nan,
      44: nan,
      45: nan,
      46: nan,
      47: nan,
      48: nan,
      49: nan,
      50: nan,
      51: nan,
      52: nan,
      53: nan,
      54: nan,
      55: nan,
      56: nan,
      57: nan,
      58: nan,
      59: nan,
      60: nan,
      61: nan,
      62: nan,
      63: nan,
      64: nan,
      65: nan,
      66: nan,
      67: nan,
      68: nan,
      69: nan,
      70: nan,
      71: nan,
      72: nan,
      73: nan,
      74: nan,
      75: nan,
      76: nan,
      77: nan,
      78: nan,
      79: nan,
      80: nan,
      81: nan,
      82: nan,
      83: nan,
      84: nan,
      85: nan,
      86: nan,
      87: nan,
      88: nan,
      89: nan,
      90: nan,
      91: nan,
      92: nan,
      93: nan,
      94: nan,
      95: nan,
      96: nan,
      97: nan,
      98: nan,
      99: nan,
      100: nan,
      101: nan,
      102: nan,
      103: nan,
      104: nan,
      105: nan,
      106: nan,
      107: nan,
      108: nan,
      109: nan,
      110: nan,
      111: nan,
      112: nan,
      113: nan,
      114: nan,
      115: nan,
      116: nan,
      117: nan,
      118: nan,
      119: nan,
      120: nan,
      121: nan,
      122: nan,
      123: nan,
      124: nan,
      125: nan,
      126: nan,
      127: nan,
      128: nan,
      129: nan,
      130: nan,
      131: nan,
      132: nan,
      133: nan,
      134: nan,
      135: nan,
      136: nan,
      137: nan,
      138: nan,
      139: nan,
      140: nan,
      141: nan,
      142: nan,
      143: nan,
      144: nan,
      145: nan,
      146: nan,
      147: nan,
      148: nan,
      149: nan,
      150: nan,
      151: nan,
      152: nan,
      153: nan,
      154: nan,
      155: nan,
      156: nan,
      157: nan,
      158: nan,
      159: nan,
      160: nan,
      161: nan,
      162: nan,
      163: nan,
      164: nan,
      165: nan,
      166: nan,
      167: nan,
      168: nan,
      169: nan,
      170: nan,
      171: nan,
      172: nan,
      173: nan,
      174: nan,
      175: nan,
      176: nan,
      177: nan,
      178: nan,
      179: nan,
      180: nan,
      181: nan,
      182: nan,
      183: nan,
      184: nan,
      185: nan,
      186: nan,
      187: nan,
      188: nan,
      189: nan,
      190: nan,
      191: nan,
      192: nan,
      193: nan,
      194: nan,
      195: nan,
      196: nan,
      197: nan,
      198: nan,
      199: nan,
      200: nan,
      201: nan,
      202: nan,
      203: nan,
      204: nan,
      205: nan,
      206: nan,
      207: nan,
      208: nan,
      209: nan,
      210: nan,
      211: nan,
      212: nan,
      213: nan,
      214: nan,
      215: nan,
      216: nan,
      217: nan,
      218: nan,
      219: nan,
      220: nan,
      221: nan,
      222: nan,
      223: nan,
      224: nan,
      225: nan,
      226: nan,
      227: nan,
      228: nan,
      229: nan,
      230: nan,
      231: nan,
      232: nan,
      233: nan,
      234: nan,
      235: nan,
      236: nan,
      237: nan,
      238: nan,
      239: nan,
      240: nan,
      241: nan,
      242: nan,
      243: nan,
      244: nan,
      245: nan,
      246: nan,
      247: nan,
      248: nan,
      249: nan,
      250: nan,
      251: nan,
      252: nan,
      253: nan,
      254: nan,
      255: nan,
      256: nan,
      257: nan,
      258: nan,
      259: nan,
      260: nan,
      261: nan,
      262: nan,
      263: nan,
      264: nan,
      265: nan,
      266: nan,
      267: nan,
      268: nan,
      269: nan,
      270: nan,
      271: nan,
      272: nan,
      273: nan,
      274: nan,
      275: nan,
      276: nan,
      277: nan,
      278: nan,
      279: nan,
      280: nan,
      281: nan,
      282: nan,
      283: nan,
      284: nan,
      285: nan,
      286: nan,
      287: nan,
      288: nan,
      289: nan,
      290: nan,
      291: nan,
      292: nan,
      293: nan,
      294: nan,
      295: nan,
      296: nan,
      297: nan,
      298: nan,
      299: nan,
      300: nan,
      301: nan,
      302: nan,
      303: nan,
      304: nan,
      305: nan,
      306: nan,
      307: nan,
      308: nan,
      309: nan,
      310: nan,
      311: nan,
      312: nan,
      313: nan,
      314: nan,
      315: nan,
      316: nan,
      317: nan,
      318: nan,
      319: nan,
      320: nan,
      321: nan,
      322: nan,
      323: nan,
      324: nan,
      325: nan,
      326: nan,
      327: nan,
      328: nan,
      329: nan,
      330: nan,
      331: nan,
      332: nan,
      333: nan,
      334: nan,
      335: nan,
      336: nan,
      337: nan,
      338: nan,
      339: nan,
      340: nan,
      341: nan,
      342: nan,
      343: nan,
      344: nan,
      345: nan,
      346: nan,
      347: nan,
      348: nan,
      349: nan,
      350: nan,
      351: nan,
      352: nan,
      353: nan,
      354: nan,
      355: nan,
      356: nan,
      357: nan,
      358: nan,
      359: nan,
      360: nan,
      361: nan,
      362: nan,
      363: nan,
      364: nan,
    }),
    'admin_level_3': dict({
      0: nan,
      1: nan,
      2: nan,
      3: nan,
      4: nan,
      5: nan,
      6: nan,
      7: nan,
      8: nan,
      9: nan,
      10: nan,
      11: nan,
      12: nan,
      13: nan,
      14: nan,
      15: nan,
      16: nan,
      17: nan,
      18: nan,
      19: nan,
      20: nan,
      21: nan,
      22: nan,
      23: nan,
      24: nan,
      25: nan,
      26: nan,
      27: nan,
      28: nan,
      29: nan,
      30: nan,
      31: nan,
      32: nan,
      33: nan,
      34: nan,
      35: nan,
      36: nan,
      37: nan,
      38: nan,
      39: nan,
      40: nan,
      41: nan,
      42: nan,
      43: nan,
      44: nan,
      45: nan,
      46: nan,
      47: nan,
      48: nan,
      49: nan,
      50: nan,
      51: nan,
      52: nan,
      53: nan,
      54: nan,
      55: nan,
      56: nan,
      57: nan,
      58: nan,
      59: nan,
      60: nan,
      61: nan,
      62: nan,
      63: nan,
      64: nan,
      65: nan,
      66: nan,
      67: nan,
      68: nan,
      69: nan,
      70: nan,
      71: nan,
      72: nan,
      73: nan,
      74: nan,
      75: nan,
      76: nan,
      77: nan,
      78: nan,
      79: nan,
      80: nan,
      81: nan,
      82: nan,
      83: nan,
      84: nan,
      85: nan,
      86: nan,
      87: nan,
      88: nan,
      89: nan,
      90: nan,
      91: nan,
      92: nan,
      93: nan,
      94: nan,
      95: nan,
      96: nan,
      97: nan,
      98: nan,
      99: nan,
      100: nan,
      101: nan,
      102: nan,
      103: nan,
      104: nan,
      105: nan,
      106: nan,
      107: nan,
      108: nan,
      109: nan,
      110: nan,
      111: nan,
      112: nan,
      113: nan,
      114: nan,
      115: nan,
      116: nan,
      117: nan,
      118: nan,
      119: nan,
      120: nan,
      121: nan,
      122: nan,
      123: nan,
      124: nan,
      125: nan,
      126: nan,
      127: nan,
      128: nan,
      129: nan,
      130: nan,
      131: nan,
      132: nan,
      133: nan,
      134: nan,
      135: nan,
      136: nan,
      137: nan,
      138: nan,
      139: nan,
      140: nan,
      141: nan,
      142: nan,
      143: nan,
      144: nan,
      145: nan,
      146: nan,
      147: nan,
      148: nan,
      149: nan,
      150: nan,
      151: nan,
      152: nan,
      153: nan,
      154: nan,
      155: nan,
      156: nan,
      157: nan,
      158: nan,
      159: nan,
      160: nan,
      161: nan,
      162: nan,
      163: nan,
      164: nan,
      165: nan,
      166: nan,
      167: nan,
      168: nan,
      169: nan,
      170: nan,
      171: nan,
      172: nan,
      173: nan,
      174: nan,
      175: nan,
      176: nan,
      177: nan,
      178: nan,
      179: nan,
      180: nan,
      181: nan,
      182: nan,
      183: nan,
      184: nan,
      185: nan,
      186: nan,
      187: nan,
      188: nan,
      189: nan,
      190: nan,
      191: nan,
      192: nan,
      193: nan,
      194: nan,
      195: nan,
      196: nan,
      197: nan,
      198: nan,
      199: nan,
      200: nan,
      201: nan,
      202: nan,
      203: nan,
      204: nan,
      205: nan,
      206: nan,
      207: nan,
      208: nan,
      209: nan,
      210: nan,
      211: nan,
      212: nan,
      213: nan,
      214: nan,
      215: nan,
      216: nan,
      217: nan,
      218: nan,
      219: nan,
      220: nan,
      221: nan,
      222: nan,
      223: nan,
      224: nan,
      225: nan,
      226: nan,
      227: nan,
      228: nan,
      229: nan,
      230: nan,
      231: nan,
      232: nan,
      233: nan,
      234: nan,
      235: nan,
      236: nan,
      237: nan,
      238: nan,
      239: nan,
      240: nan,
      241: nan,
      242: nan,
      243: nan,
      244: nan,
      245: nan,
      246: nan,
      247: nan,
      248: nan,
      249: nan,
      250: nan,
      251: nan,
      252: nan,
      253: nan,
      254: nan,
      255: nan,
      256: nan,
      257: nan,
      258: nan,
      259: nan,
      260: nan,
      261: nan,
      262: nan,
      263: nan,
      264: nan,
      265: nan,
      266: nan,
      267: nan,
      268: nan,
      269: nan,
      270: nan,
      271: nan,
      272: nan,
      273: nan,
      274: nan,
      275: nan,
      276: nan,
      277: nan,
      278: nan,
      279: nan,
      280: nan,
      281: nan,
      282: nan,
      283: nan,
      284: nan,
      285: nan,
      286: nan,
      287: nan,
      288: nan,
      289: nan,
      290: nan,
      291: nan,
      292: nan,
      293: nan,
      294: nan,
      295: nan,
      296: nan,
      297: nan,
      298: nan,
      299: nan,
      300: nan,
      301: nan,
      302: nan,
      303: nan,
      304: nan,
      305: nan,
      306: nan,
      307: nan,
      308: nan,
      309: nan,
      310: nan,
      311: nan,
      312: nan,
      313: nan,
      314: nan,
      315: nan,
      316: nan,
      317: nan,
      318: nan,
      319: nan,
      320: nan,
      321: nan,
      322: nan,
      323: nan,
      324: nan,
      325: nan,
      326: nan,
      327: nan,
      328: nan,
      329: nan,
      330: nan,
      331: nan,
      332: nan,
      333: nan,
      334: nan,
      335: nan,
      336: nan,
      337: nan,
      338: nan,
      339: nan,
      340: nan,
      341: nan,
      342: nan,
      343: nan,
      344: nan,
      345: nan,
      346: nan,
      347: nan,
      348: nan,
      349: nan,
      350: nan,
      351: nan,
      352: nan,
      353: nan,
      354: nan,
      355: nan,
      356: nan,
      357: nan,
      358: nan,
      359: nan,
      360: nan,
      361: nan,
      362: nan,
      363: nan,
      364: nan,
    }),
    'creation_date': dict({
      0: FakeDate(2025, 1, 1),
      1: FakeDate(2025, 1, 1),
      2: FakeDate(2025, 1, 1),
      3: FakeDate(2025, 1, 1),
      4: FakeDate(2025, 1, 1),
      5: FakeDate(2025, 1, 1),
      6: FakeDate(2025, 1, 1),
      7: FakeDate(2025, 1, 1),
      8: FakeDate(2025, 1, 1),
      9: FakeDate(2025, 1, 1),
      10: FakeDate(2025, 1, 1),
      11: FakeDate(2025, 1, 1),
      12: FakeDate(2025, 1, 1),
      13: FakeDate(2025, 1, 1),
      14: FakeDate(2025, 1, 1),
      15: FakeDate(2025, 1, 1),
      16: FakeDate(2025, 1, 1),
      17: FakeDate(2025, 1, 1),
      18: FakeDate(2025, 1, 1),
      19: FakeDate(2025, 1, 1),
      20: FakeDate(2025, 1, 1),
      21: FakeDate(2025, 1, 1),
      22: FakeDate(2025, 1, 1),
      23: FakeDate(2025, 1, 1),
      24: FakeDate(2025, 1, 1),
      25: FakeDate(2025, 1, 1),
      26: FakeDate(2025, 1, 1),
      27: FakeDate(2025, 1, 1),
      28: FakeDate(2025, 1, 1),
      29: FakeDate(2025, 1, 1),
      30: FakeDate(2025, 1, 1),
      31: FakeDate(2025, 1, 1),
      32: FakeDate(2025, 1, 1),
      33: FakeDate(2025, 1, 1),
      34: FakeDate(2025, 1, 1),
      35: FakeDate(2025, 1, 1),
      36: FakeDate(2025, 1, 1),
      37: FakeDate(2025, 1, 1),
      38: FakeDate(2025, 1, 1),
      39: FakeDate(2025, 1, 1),
      40: FakeDate(2025, 1, 1),
      41: FakeDate(2025, 1, 1),
      42: FakeDate(2025, 1, 1),
      43: FakeDate(2025, 1, 1),
      44: FakeDate(2025, 1, 1),
      45: FakeDate(2025, 1, 1),
      46: FakeDate(2025, 1, 1),
      47: FakeDate(2025, 1, 1),
      48: FakeDate(2025, 1, 1),
      49: FakeDate(2025, 1, 1),
      50: FakeDate(2025, 1, 1),
      51: FakeDate(2025, 1, 1),
      52: FakeDate(2025, 1, 1),
      53: FakeDate(2025, 1, 1),
      54: FakeDate(2025, 1, 1),
      55: FakeDate(2025, 1, 1),
      56: FakeDate(2025, 1, 1),
      57: FakeDate(2025, 1, 1),
      58: FakeDate(2025, 1, 1),
      59: FakeDate(2025, 1, 1),
      60: FakeDate(2025, 1, 1),
      61: FakeDate(2025, 1, 1),
      62: FakeDate(2025, 1, 1),
      63: FakeDate(2025, 1, 1),
      64: FakeDate(2025, 1, 1),
      65: FakeDate(2025, 1, 1),
      66: FakeDate(2025, 1, 1),
      67: FakeDate(2025, 1, 1),
      68: FakeDate(2025, 1, 1),
      69: FakeDate(2025, 1, 1),
      70: FakeDate(2025, 1, 1),
      71: FakeDate(2025, 1, 1),
      72: FakeDate(2025, 1, 1),
      73: FakeDate(2025, 1, 1),
      74: FakeDate(2025, 1, 1),
      75: FakeDate(2025, 1, 1),
      76: FakeDate(2025, 1, 1),
      77: FakeDate(2025, 1, 1),
      78: FakeDate(2025, 1, 1),
      79: FakeDate(2025, 1, 1),
      80: FakeDate(2025, 1, 1),
      81: FakeDate(2025, 1, 1),
      82: FakeDate(2025, 1, 1),
      83: FakeDate(2025, 1, 1),
      84: FakeDate(2025, 1, 1),
      85: FakeDate(2025, 1, 1),
      86: FakeDate(2025, 1, 1),
      87: FakeDate(2025, 1, 1),
      88: FakeDate(2025, 1, 1),
      89: FakeDate(2025, 1, 1),
      90: FakeDate(2025, 1, 1),
      91: FakeDate(2025, 1, 1),
      92: FakeDate(2025, 1, 1),
      93: FakeDate(2025, 1, 1),
      94: FakeDate(2025, 1, 1),
      95: FakeDate(2025, 1, 1),
      96: FakeDate(2025, 1, 1),
      97: FakeDate(2025, 1, 1),
      98: FakeDate(2025, 1, 1),
      99: FakeDate(2025, 1, 1),
      100: FakeDate(2025, 1, 1),
      101: FakeDate(2025, 1, 1),
      102: FakeDate(2025, 1, 1),
      103: FakeDate(2025, 1, 1),
      104: FakeDate(2025, 1, 1),
      105: FakeDate(2025, 1, 1),
      106: FakeDate(2025, 1, 1),
      107: FakeDate(2025, 1, 1),
      108: FakeDate(2025, 1, 1),
      109: FakeDate(2025, 1, 1),
      110: FakeDate(2025, 1, 1),
      111: FakeDate(2025, 1, 1),
      112: FakeDate(2025, 1, 1),
      113: FakeDate(2025, 1, 1),
      114: FakeDate(2025, 1, 1),
      115: FakeDate(2025, 1, 1),
      116: FakeDate(2025, 1, 1),
      117: FakeDate(2025, 1, 1),
      118: FakeDate(2025, 1, 1),
      119: FakeDate(2025, 1, 1),
      120: FakeDate(2025, 1, 1),
      121: FakeDate(2025, 1, 1),
      122: FakeDate(2025, 1, 1),
      123: FakeDate(2025, 1, 1),
      124: FakeDate(2025, 1, 1),
      125: FakeDate(2025, 1, 1),
      126: FakeDate(2025, 1, 1),
      127: FakeDate(2025, 1, 1),
      128: FakeDate(2025, 1, 1),
      129: FakeDate(2025, 1, 1),
      130: FakeDate(2025, 1, 1),
      131: FakeDate(2025, 1, 1),
      132: FakeDate(2025, 1, 1),
      133: FakeDate(2025, 1, 1),
      134: FakeDate(2025, 1, 1),
      135: FakeDate(2025, 1, 1),
      136: FakeDate(2025, 1, 1),
      137: FakeDate(2025, 1, 1),
      138: FakeDate(2025, 1, 1),
      139: FakeDate(2025, 1, 1),
      140: FakeDate(2025, 1, 1),
      141: FakeDate(2025, 1, 1),
      142: FakeDate(2025, 1, 1),
      143: FakeDate(2025, 1, 1),
      144: FakeDate(2025, 1, 1),
      145: FakeDate(2025, 1, 1),
      146: FakeDate(2025, 1, 1),
      147: FakeDate(2025, 1, 1),
      148: FakeDate(2025, 1, 1),
      149: FakeDate(2025, 1, 1),
      150: FakeDate(2025, 1, 1),
      151: FakeDate(2025, 1, 1),
      152: FakeDate(2025, 1, 1),
      153: FakeDate(2025, 1, 1),
      154: FakeDate(2025, 1, 1),
      155: FakeDate(2025, 1, 1),
      156: FakeDate(2025, 1, 1),
      157: FakeDate(2025, 1, 1),
      158: FakeDate(2025, 1, 1),
      159: FakeDate(2025, 1, 1),
      160: FakeDate(2025, 1, 1),
      161: FakeDate(2025, 1, 1),
      162: FakeDate(2025, 1, 1),
      163: FakeDate(2025, 1, 1),
      164: FakeDate(2025, 1, 1),
      165: FakeDate(2025, 1, 1),
      166: FakeDate(2025, 1, 1),
      167: FakeDate(2025, 1, 1),
      168: FakeDate(2025, 1, 1),
      169: FakeDate(2025, 1, 1),
      170: FakeDate(2025, 1, 1),
      171: FakeDate(2025, 1, 1),
      172: FakeDate(2025, 1, 1),
      173: FakeDate(2025, 1, 1),
      174: FakeDate(2025, 1, 1),
      175: FakeDate(2025, 1, 1),
      176: FakeDate(2025, 1, 1),
      177: FakeDate(2025, 1, 1),
      178: FakeDate(2025, 1, 1),
      179: FakeDate(2025, 1, 1),
      180: FakeDate(2025, 1, 1),
      181: FakeDate(2025, 1, 1),
      182: FakeDate(2025, 1, 1),
      183: FakeDate(2025, 1, 1),
      184: FakeDate(2025, 1, 1),
      185: FakeDate(2025, 1, 1),
      186: FakeDate(2025, 1, 1),
      187: FakeDate(2025, 1, 1),
      188: FakeDate(2025, 1, 1),
      189: FakeDate(2025, 1, 1),
      190: FakeDate(2025, 1, 1),
      191: FakeDate(2025, 1, 1),
      192: FakeDate(2025, 1, 1),
      193: FakeDate(2025, 1, 1),
      194: FakeDate(2025, 1, 1),
      195: FakeDate(2025, 1, 1),
      196: FakeDate(2025, 1, 1),
      197: FakeDate(2025, 1, 1),
      198: FakeDate(2025, 1, 1),
      199: FakeDate(2025, 1, 1),
      200: FakeDate(2025, 1, 1),
      201: FakeDate(2025, 1, 1),
      202: FakeDate(2025, 1, 1),
      203: FakeDate(2025, 1, 1),
      204: FakeDate(2025, 1, 1),
      205: FakeDate(2025, 1, 1),
      206: FakeDate(2025, 1, 1),
      207: FakeDate(2025, 1, 1),
      208: FakeDate(2025, 1, 1),
      209: FakeDate(2025, 1, 1),
      210: FakeDate(2025, 1, 1),
      211: FakeDate(2025, 1, 1),
      212: FakeDate(2025, 1, 1),
      213: FakeDate(2025, 1, 1),
      214: FakeDate(2025, 1, 1),
      215: FakeDate(2025, 1, 1),
      216: FakeDate(2025, 1, 1),
      217: FakeDate(2025, 1, 1),
      218: FakeDate(2025, 1, 1),
      219: FakeDate(2025, 1, 1),
      220: FakeDate(2025, 1, 1),
      221: FakeDate(2025, 1, 1),
      222: FakeDate(2025, 1, 1),
      223: FakeDate(2025, 1, 1),
      224: FakeDate(2025, 1, 1),
      225: FakeDate(2025, 1, 1),
      226: FakeDate(2025, 1, 1),
      227: FakeDate(2025, 1, 1),
      228: FakeDate(2025, 1, 1),
      229: FakeDate(2025, 1, 1),
      230: FakeDate(2025, 1, 1),
      231: FakeDate(2025, 1, 1),
      232: FakeDate(2025, 1, 1),
      233: FakeDate(2025, 1, 1),
      234: FakeDate(2025, 1, 1),
      235: FakeDate(2025, 1, 1),
      236: FakeDate(2025, 1, 1),
      237: FakeDate(2025, 1, 1),
      238: FakeDate(2025, 1, 1),
      239: FakeDate(2025, 1, 1),
      240: FakeDate(2025, 1, 1),
      241: FakeDate(2025, 1, 1),
      242: FakeDate(2025, 1, 1),
      243: FakeDate(2025, 1, 1),
      244: FakeDate(2025, 1, 1),
      245: FakeDate(2025, 1, 1),
      246: FakeDate(2025, 1, 1),
      247: FakeDate(2025, 1, 1),
      248: FakeDate(2025, 1, 1),
      249: FakeDate(2025, 1, 1),
      250: FakeDate(2025, 1, 1),
      251: FakeDate(2025, 1, 1),
      252: FakeDate(2025, 1, 1),
      253: FakeDate(2025, 1, 1),
      254: FakeDate(2025, 1, 1),
      255: FakeDate(2025, 1, 1),
      256: FakeDate(2025, 1, 1),
      257: FakeDate(2025, 1, 1),
      258: FakeDate(2025, 1, 1),
      259: FakeDate(2025, 1, 1),
      260: FakeDate(2025, 1, 1),
      261: FakeDate(2025, 1, 1),
      262: FakeDate(2025, 1, 1),
      263: FakeDate(2025, 1, 1),
      264: FakeDate(2025, 1, 1),
      265: FakeDate(2025, 1, 1),
      266: FakeDate(2025, 1, 1),
      267: FakeDate(2025, 1, 1),
      268: FakeDate(2025, 1, 1),
      269: FakeDate(2025, 1, 1),
      270: FakeDate(2025, 1, 1),
      271: FakeDate(2025, 1, 1),
      272: FakeDate(2025, 1, 1),
      273: FakeDate(2025, 1, 1),
      274: FakeDate(2025, 1, 1),
      275: FakeDate(2025, 1, 1),
      276: FakeDate(2025, 1, 1),
      277: FakeDate(2025, 1, 1),
      278: FakeDate(2025, 1, 1),
      279: FakeDate(2025, 1, 1),
      280: FakeDate(2025, 1, 1),
      281: FakeDate(2025, 1, 1),
      282: FakeDate(2025, 1, 1),
      283: FakeDate(2025, 1, 1),
      284: FakeDate(2025, 1, 1),
      285: FakeDate(2025, 1, 1),
      286: FakeDate(2025, 1, 1),
      287: FakeDate(2025, 1, 1),
      288: FakeDate(2025, 1, 1),
      289: FakeDate(2025, 1, 1),
      290: FakeDate(2025, 1, 1),
      291: FakeDate(2025, 1, 1),
      292: FakeDate(2025, 1, 1),
      293: FakeDate(2025, 1, 1),
      294: FakeDate(2025, 1, 1),
      295: FakeDate(2025, 1, 1),
      296: FakeDate(2025, 1, 1),
      297: FakeDate(2025, 1, 1),
      298: FakeDate(2025, 1, 1),
      299: FakeDate(2025, 1, 1),
      300: FakeDate(2025, 1, 1),
      301: FakeDate(2025, 1, 1),
      302: FakeDate(2025, 1, 1),
      303: FakeDate(2025, 1, 1),
      304: FakeDate(2025, 1, 1),
      305: FakeDate(2025, 1, 1),
      306: FakeDate(2025, 1, 1),
      307: FakeDate(2025, 1, 1),
      308: FakeDate(2025, 1, 1),
      309: FakeDate(2025, 1, 1),
      310: FakeDate(2025, 1, 1),
      311: FakeDate(2025, 1, 1),
      312: FakeDate(2025, 1, 1),
      313: FakeDate(2025, 1, 1),
      314: FakeDate(2025, 1, 1),
      315: FakeDate(2025, 1, 1),
      316: FakeDate(2025, 1, 1),
      317: FakeDate(2025, 1, 1),
      318: FakeDate(2025, 1, 1),
      319: FakeDate(2025, 1, 1),
      320: FakeDate(2025, 1, 1),
      321: FakeDate(2025, 1, 1),
      322: FakeDate(2025, 1, 1),
      323: FakeDate(2025, 1, 1),
      324: FakeDate(2025, 1, 1),
      325: FakeDate(2025, 1, 1),
      326: FakeDate(2025, 1, 1),
      327: FakeDate(2025, 1, 1),
      328: FakeDate(2025, 1, 1),
      329: FakeDate(2025, 1, 1),
      330: FakeDate(2025, 1, 1),
      331: FakeDate(2025, 1, 1),
      332: FakeDate(2025, 1, 1),
      333: FakeDate(2025, 1, 1),
      334: FakeDate(2025, 1, 1),
      335: FakeDate(2025, 1, 1),
      336: FakeDate(2025, 1, 1),
      337: FakeDate(2025, 1, 1),
      338: FakeDate(2025, 1, 1),
      339: FakeDate(2025, 1, 1),
      340: FakeDate(2025, 1, 1),
      341: FakeDate(2025, 1, 1),
      342: FakeDate(2025, 1, 1),
      343: FakeDate(2025, 1, 1),
      344: FakeDate(2025, 1, 1),
      345: FakeDate(2025, 1, 1),
      346: FakeDate(2025, 1, 1),
      347: FakeDate(2025, 1, 1),
      348: FakeDate(2025, 1, 1),
      349: FakeDate(2025, 1, 1),
      350: FakeDate(2025, 1, 1),
      351: FakeDate(2025, 1, 1),
      352: FakeDate(2025, 1, 1),
      353: FakeDate(2025, 1, 1),
      354: FakeDate(2025, 1, 1),
      355: FakeDate(2025, 1, 1),
      356: FakeDate(2025, 1, 1),
      357: FakeDate(2025, 1, 1),
      358: FakeDate(2025, 1, 1),
      359: FakeDate(2025, 1, 1),
      360: FakeDate(2025, 1, 1),
      361: FakeDate(2025, 1, 1),
      362: FakeDate(2025, 1, 1),
      363: FakeDate(2025, 1, 1),
      364: FakeDate(2025, 1, 1),
    }),
    'day': dict({
      0: 1,
      1: 2,
      2: 3,
      3: 4,
      4: 5,
      5: 6,
      6: 7,
      7: 8,
      8: 9,
      9: 10,
      10: 11,
      11: 12,
      12: 13,
      13: 14,
      14: 15,
      15: 16,
      16: 17,
      17: 18,
      18: 19,
      19: 20,
      20: 21,
      21: 22,
      22: 23,
      23: 24,
      24: 25,
      25: 26,
      26: 27,
      27: 28,
      28: 29,
      29: 30,
      30: 31,
      31: 1,
      32: 2,
      33: 3,
      34: 4,
      35: 5,
      36: 6,
      37: 7,
      38: 8,
      39: 9,
      40: 10,
      41: 11,
      42: 12,
      43: 13,
      44: 14,
      45: 15,
      46: 16,
      47: 17,
      48: 18,
      49: 19,
      50: 20,
      51: 21,
      52: 22,
      53: 23,
      54: 24,
      55: 25,
      56: 26,
      57: 27,
      58: 28,
      59: 1,
      60: 2,
      61: 3,
      62: 4,
      63: 5,
      64: 6,
      65: 7,
      66: 8,
      67: 9,
      68: 10,
      69: 11,
      70: 12,
      71: 13,
      72: 14,
      73: 15,
      74: 16,
      75: 17,
      76: 18,
      77: 19,
      78: 20,
      79: 21,
      80: 22,
      81: 23,
      82: 24,
      83: 25,
      84: 26,
      85: 27,
      86: 28,
      87: 29,
      88: 30,
      89: 31,
      90: 1,
      91: 2,
      92: 3,
      93: 4,
      94: 5,
      95: 6,
      96: 7,
      97: 8,
      98: 9,
      99: 10,
      100: 11,
      101: 12,
      102: 13,
      103: 14,
      104: 15,
      105: 16,
      106: 17,
      107: 18,
      108: 19,
      109: 20,
      110: 21,
      111: 22,
      112: 23,
      113: 24,
      114: 25,
      115: 26,
      116: 27,
      117: 28,
      118: 29,
      119: 30,
      120: 1,
      121: 2,
      122: 3,
      123: 4,
      124: 5,
      125: 6,
      126: 7,
      127: 8,
      128: 9,
      129: 10,
      130: 11,
      131: 12,
      132: 13,
      133: 14,
      134: 15,
      135: 16,
      136: 17,
      137: 18,
      138: 19,
      139: 20,
      140: 21,
      141: 22,
      142: 23,
      143: 24,
      144: 25,
      145: 26,
      146: 27,
      147: 28,
      148: 29,
      149: 30,
      150: 31,
      151: 1,
      152: 2,
      153: 3,
      154: 4,
      155: 5,
      156: 6,
      157: 7,
      158: 8,
      159: 9,
      160: 10,
      161: 11,
      162: 12,
      163: 13,
      164: 14,
      165: 15,
      166: 16,
      167: 17,
      168: 18,
      169: 19,
      170: 20,
      171: 21,
      172: 22,
      173: 23,
      174: 24,
      175: 25,
      176: 26,
      177: 27,
      178: 28,
      179: 29,
      180: 30,
      181: 1,
      182: 2,
      183: 3,
      184: 4,
      185: 5,
      186: 6,
      187: 7,
      188: 8,
      189: 9,
      190: 10,
      191: 11,
      192: 12,
      193: 13,
      194: 14,
      195: 15,
      196: 16,
      197: 17,
      198: 18,
      199: 19,
      200: 20,
      201: 21,
      202: 22,
      203: 23,
      204: 24,
      205: 25,
      206: 26,
      207: 27,
      208: 28,
      209: 29,
      210: 30,
      211: 31,
      212: 1,
      213: 2,
      214: 3,
      215: 4,
      216: 5,
      217: 6,
      218: 7,
      219: 8,
      220: 9,
      221: 10,
      222: 11,
      223: 12,
      224: 13,
      225: 14,
      226: 15,
      227: 16,
      228: 17,
      229: 18,
      230: 19,
      231: 20,
      232: 21,
      233: 22,
      234: 23,
      235: 24,
      236: 25,
      237: 26,
      238: 27,
      239: 28,
      240: 29,
      241: 30,
      242: 31,
      243: 1,
      244: 2,
      245: 3,
      246: 4,
      247: 5,
      248: 6,
      249: 7,
      250: 8,
      251: 9,
      252: 10,
      253: 11,
      254: 12,
      255: 13,
      256: 14,
      257: 15,
      258: 16,
      259: 17,
      260: 18,
      261: 19,
      262: 20,
      263: 21,
      264: 22,
      265: 23,
      266: 24,
      267: 25,
      268: 26,
      269: 27,
      270: 28,
      271: 29,
      272: 30,
      273: 1,
      274: 2,
      275: 3,
      276: 4,
      277: 5,
      278: 6,
      279: 7,
      280: 8,
      281: 9,
      282: 10,
      283: 11,
      284: 12,
      285: 13,
      286: 14,
      287: 15,
      288: 16,
      289: 17,
      290: 18,
      291: 19,
      292: 20,
      293: 21,
      294: 22,
      295: 23,
      296: 24,
      297: 25,
      298: 26,
      299: 27,
      300: 28,
      301: 29,
      302: 30,
      303: 31,
      304: 1,
      305: 2,
      306: 3,
      307: 4,
      308: 5,
      309: 6,
      310: 7,
      311: 8,
      312: 9,
      313: 10,
      314: 11,
      315: 12,
      316: 13,
      317: 14,
      318: 15,
      319: 16,
      320: 17,
      321: 18,
      322: 19,
      323: 20,
      324: 21,
      325: 22,
      326: 23,
      327: 24,
      328: 25,
      329: 26,
      330: 27,
      331: 28,
      332: 29,
      333: 30,
      334: 1,
      335: 2,
      336: 3,
      337: 4,
      338: 5,
      339: 6,
      340: 7,
      341: 8,
      342: 9,
      343: 10,
      344: 11,
      345: 12,
      346: 13,
      347: 14,
      348: 15,
      349: 16,
      350: 17,
      351: 18,
      352: 19,
      353: 20,
      354: 21,
      355: 22,
      356: 23,
      357: 24,
      358: 25,
      359: 26,
      360: 27,
      361: 28,
      362: 29,
      363: 30,
      364: 31,
    }),
    'iso3': dict({
      0: nan,
      1: nan,
      2: nan,
      3: nan,
      4: nan,
      5: nan,
      6: nan,
      7: nan,
      8: nan,
      9: nan,
      10: nan,
      11: nan,
      12: nan,
      13: nan,
      14: nan,
      15: nan,
      16: nan,
      17: nan,
      18: nan,
      19: nan,
      20: nan,
      21: nan,
      22: nan,
      23: nan,
      24: nan,
      25: nan,
      26: nan,
      27: nan,
      28: nan,
      29: nan,
      30: nan,
      31: nan,
      32: nan,
      33: nan,
      34: nan,
      35: nan,
      36: nan,
      37: nan,
      38: nan,
      39: nan,
      40: nan,
      41: nan,
      42: nan,
      43: nan,
      44: nan,
      45: nan,
      46: nan,
      47: nan,
      48: nan,
      49: nan,
      50: nan,
      51: nan,
      52: nan,
      53: nan,
      54: nan,
      55: nan,
      56: nan,
      57: nan,
      58: nan,
      59: nan,
      60: nan,
      61: nan,
      62: nan,
      63: nan,
      64: nan,
      65: nan,
      66: nan,
      67: nan,
      68: nan,
      69: nan,
      70: nan,
      71: nan,
      72: nan,
      73: nan,
      74: nan,
      75: nan,
      76: nan,
      77: nan,
      78: nan,
      79: nan,
      80: nan,
      81: nan,
      82: nan,
      83: nan,
      84: nan,
      85: nan,
      86: nan,
      87: nan,
      88: nan,
      89: nan,
      90: nan,
      91: nan,
      92: nan,
      93: nan,
      94: nan,
      95: nan,
      96: nan,
      97: nan,
      98: nan,
      99: nan,
      100: nan,
      101: nan,
      102: nan,
      103: nan,
      104: nan,
      105: nan,
      106: nan,
      107: nan,
      108: nan,
      109: nan,
      110: nan,
      111: nan,
      112: nan,
      113: nan,
      114: nan,
      115: nan,
      116: nan,
      117: nan,
      118: nan,
      119: nan,
      120: nan,
      121: nan,
      122: nan,
      123: nan,
      124: nan,
      125: nan,
      126: nan,
      127: nan,
      128: nan,
      129: nan,
      130: nan,
      131: nan,
      132: nan,
      133: nan,
      134: nan,
      135: nan,
      136: nan,
      137: nan,
      138: nan,
      139: nan,
      140: nan,
      141: nan,
      142: nan,
      143: nan,
      144: nan,
      145: nan,
      146: nan,
      147: nan,
      148: nan,
      149: nan,
      150: nan,
      151: nan,
      152: nan,
      153: nan,
      154: nan,
      155: nan,
      156: nan,
      157: nan,
      158: nan,
      159: nan,
      160: nan,
      161: nan,
      162: nan,
      163: nan,
      164: nan,
      165: nan,
      166: nan,
      167: nan,
      168: nan,
      169: nan,
      170: nan,
      171: nan,
      172: nan,
      173: nan,
      174: nan,
      175: nan,
      176: nan,
      177: nan,
      178: nan,
      179: nan,
      180: nan,
      181: nan,
      182: nan,
      183: nan,
      184: nan,
      185: nan,
      186: nan,
      187: nan,
      188: nan,
      189: nan,
      190: nan,
      191: nan,
      192: nan,
      193: nan,
      194: nan,
      195: nan,
      196: nan,
      197: nan,
      198: nan,
      199: nan,
      200: nan,
      201: nan,
      202: nan,
      203: nan,
      204: nan,
      205: nan,
      206: nan,
      207: nan,
      208: nan,
      209: nan,
      210: nan,
      211: nan,
      212: nan,
      213: nan,
      214: nan,
      215: nan,
      216: nan,
      217: nan,
      218: nan,
      219: nan,
      220: nan,
      221: nan,
      222: nan,
      223: nan,
      224: nan,
      225: nan,
      226: nan,
      227: nan,
      228: nan,
      229: nan,
      230: nan,
      231: nan,
      232: nan,
      233: nan,
      234: nan,
      235: nan,
      236: nan,
      237: nan,
      238: nan,
      239: nan,
      240: nan,
      241: nan,
      242: nan,
      243: nan,
      244: nan,
      245: nan,
      246: nan,
      247: nan,
      248: nan,
      249: nan,
      250: nan,
      251: nan,
      252: nan,
      253: nan,
      254: nan,
      255: nan,
      256: nan,
      257: nan,
      258: nan,
      259: nan,
      260: nan,
      261: nan,
      262: nan,
      263: nan,
      264: nan,
      265: nan,
      266: nan,
      267: nan,
      268: nan,
      269: nan,
      270: nan,
      271: nan,
      272: nan,
      273: nan,
      274: nan,
      275: nan,
      276: nan,
      277: nan,
      278: nan,
      279: nan,
      280: nan,
      281: nan,
      282: nan,
      283: nan,
      284: nan,
      285: nan,
      286: nan,
      287: nan,
      288: nan,
      289: nan,
      290: nan,
      291: nan,
      292: nan,
      293: nan,
      294: nan,
      295: nan,
      296: nan,
      297: nan,
      298: nan,
      299: nan,
      300: nan,
      301: nan,
      302: nan,
      303: nan,
      304: nan,
      305: nan,
      306: nan,
      307: nan,
      308: nan,
      309: nan,
      310: nan,
      311: nan,
      312: nan,
      313: nan,
      314: nan,
      315: nan,
      316: nan,
      317: nan,
      318: nan,
      319: nan,
      320: nan,
      321: nan,
      322: nan,
      323: nan,
      324: nan,
      325: nan,
      326: nan,
      327: nan,
      328: nan,
      329: nan,
      330: nan,
      331: nan,
      332: nan,
      333: nan,
      334: nan,
      335: nan,
      336: nan,
      337: nan,
      338: nan,
      339: nan,
      340: nan,
      341: nan,
      342: nan,
      343: nan,
      344: nan,
      345: nan,
      346: nan,
      347: nan,
      348: nan,
      349: nan,
      350: nan,
      351: nan,
      352: nan,
      353: nan,
      354: nan,
      355: nan,
      356: nan,
      357: nan,
      358: nan,
      359: nan,
      360: nan,
      361: nan,
      362: nan,
      363: nan,
      364: nan,
    }),
    'metric': dict({
      0: 'aphrodite-daily-precip',
      1: 'aphrodite-daily-precip',
      2: 'aphrodite-daily-precip',
      3: 'aphrodite-daily-precip',
      4: 'aphrodite-daily-precip',
      5: 'aphrodite-daily-precip',
      6: 'aphrodite-daily-precip',
      7: 'aphrodite-daily-precip',
      8: 'aphrodite-daily-precip',
      9: 'aphrodite-daily-precip',
      10: 'aphrodite-daily-precip',
      11: 'aphrodite-daily-precip',
      12: 'aphrodite-daily-precip',
      13: 'aphrodite-daily-precip',
      14: 'aphrodite-daily-precip',
      15: 'aphrodite-daily-precip',
      16: 'aphrodite-daily-precip',
      17: 'aphrodite-daily-precip',
      18: 'aphrodite-daily-precip',
      19: 'aphrodite-daily-precip',
      20: 'aphrodite-daily-precip',
      21: 'aphrodite-daily-precip',
      22: 'aphrodite-daily-precip',
      23: 'aphrodite-daily-precip',
      24: 'aphrodite-daily-precip',
      25: 'aphrodite-daily-precip',
      26: 'aphrodite-daily-precip',
      27: 'aphrodite-daily-precip',
      28: 'aphrodite-daily-precip',
      29: 'aphrodite-daily-precip',
      30: 'aphrodite-daily-precip',
      31: 'aphrodite-daily-precip',
      32: 'aphrodite-daily-precip',
      33: 'aphrodite-daily-precip',
      34: 'aphrodite-daily-precip',
      35: 'aphrodite-daily-precip',
      36: 'aphrodite-daily-precip',
      37: 'aphrodite-daily-precip',
      38: 'aphrodite-daily-precip',
      39: 'aphrodite-daily-precip',
      40: 'aphrodite-daily-precip',
      41: 'aphrodite-daily-precip',
      42: 'aphrodite-daily-precip',
      43: 'aphrodite-daily-precip',
      44: 'aphrodite-daily-precip',
      45: 'aphrodite-daily-precip',
      46: 'aphrodite-daily-precip',
      47: 'aphrodite-daily-precip',
      48: 'aphrodite-daily-precip',
      49: 'aphrodite-daily-precip',
      50: 'aphrodite-daily-precip',
      51: 'aphrodite-daily-precip',
      52: 'aphrodite-daily-precip',
      53: 'aphrodite-daily-precip',
      54: 'aphrodite-daily-precip',
      55: 'aphrodite-daily-precip',
      56: 'aphrodite-daily-precip',
      57: 'aphrodite-daily-precip',
      58: 'aphrodite-daily-precip',
      59: 'aphrodite-daily-precip',
      60: 'aphrodite-daily-precip',
      61: 'aphrodite-daily-precip',
      62: 'aphrodite-daily-precip',
      63: 'aphrodite-daily-precip',
      64: 'aphrodite-daily-precip',
      65: 'aphrodite-daily-precip',
      66: 'aphrodite-daily-precip',
      67: 'aphrodite-daily-precip',
      68: 'aphrodite-daily-precip',
      69: 'aphrodite-daily-precip',
      70: 'aphrodite-daily-precip',
      71: 'aphrodite-daily-precip',
      72: 'aphrodite-daily-precip',
      73: 'aphrodite-daily-precip',
      74: 'aphrodite-daily-precip',
      75: 'aphrodite-daily-precip',
      76: 'aphrodite-daily-precip',
      77: 'aphrodite-daily-precip',
      78: 'aphrodite-daily-precip',
      79: 'aphrodite-daily-precip',
      80: 'aphrodite-daily-precip',
      81: 'aphrodite-daily-precip',
      82: 'aphrodite-daily-precip',
      83: 'aphrodite-daily-precip',
      84: 'aphrodite-daily-precip',
      85: 'aphrodite-daily-precip',
      86: 'aphrodite-daily-precip',
      87: 'aphrodite-daily-precip',
      88: 'aphrodite-daily-precip',
      89: 'aphrodite-daily-precip',
      90: 'aphrodite-daily-precip',
      91: 'aphrodite-daily-precip',
      92: 'aphrodite-daily-precip',
      93: 'aphrodite-daily-precip',
      94: 'aphrodite-daily-precip',
      95: 'aphrodite-daily-precip',
      96: 'aphrodite-daily-precip',
      97: 'aphrodite-daily-precip',
      98: 'aphrodite-daily-precip',
      99: 'aphrodite-daily-precip',
      100: 'aphrodite-daily-precip',
      101: 'aphrodite-daily-precip',
      102: 'aphrodite-daily-precip',
      103: 'aphrodite-daily-precip',
      104: 'aphrodite-daily-precip',
      105: 'aphrodite-daily-precip',
      106: 'aphrodite-daily-precip',
      107: 'aphrodite-daily-precip',
      108: 'aphrodite-daily-precip',
      109: 'aphrodite-daily-precip',
      110: 'aphrodite-daily-precip',
      111: 'aphrodite-daily-precip',
      112: 'aphrodite-daily-precip',
      113: 'aphrodite-daily-precip',
      114: 'aphrodite-daily-precip',
      115: 'aphrodite-daily-precip',
      116: 'aphrodite-daily-precip',
      117: 'aphrodite-daily-precip',
      118: 'aphrodite-daily-precip',
      119: 'aphrodite-daily-precip',
      120: 'aphrodite-daily-precip',
      121: 'aphrodite-daily-precip',
      122: 'aphrodite-daily-precip',
      123: 'aphrodite-daily-precip',
      124: 'aphrodite-daily-precip',
      125: 'aphrodite-daily-precip',
      126: 'aphrodite-daily-precip',
      127: 'aphrodite-daily-precip',
      128: 'aphrodite-daily-precip',
      129: 'aphrodite-daily-precip',
      130: 'aphrodite-daily-precip',
      131: 'aphrodite-daily-precip',
      132: 'aphrodite-daily-precip',
      133: 'aphrodite-daily-precip',
      134: 'aphrodite-daily-precip',
      135: 'aphrodite-daily-precip',
      136: 'aphrodite-daily-precip',
      137: 'aphrodite-daily-precip',
      138: 'aphrodite-daily-precip',
      139: 'aphrodite-daily-precip',
      140: 'aphrodite-daily-precip',
      141: 'aphrodite-daily-precip',
      142: 'aphrodite-daily-precip',
      143: 'aphrodite-daily-precip',
      144: 'aphrodite-daily-precip',
      145: 'aphrodite-daily-precip',
      146: 'aphrodite-daily-precip',
      147: 'aphrodite-daily-precip',
      148: 'aphrodite-daily-precip',
      149: 'aphrodite-daily-precip',
      150: 'aphrodite-daily-precip',
      151: 'aphrodite-daily-precip',
      152: 'aphrodite-daily-precip',
      153: 'aphrodite-daily-precip',
      154: 'aphrodite-daily-precip',
      155: 'aphrodite-daily-precip',
      156: 'aphrodite-daily-precip',
      157: 'aphrodite-daily-precip',
      158: 'aphrodite-daily-precip',
      159: 'aphrodite-daily-precip',
      160: 'aphrodite-daily-precip',
      161: 'aphrodite-daily-precip',
      162: 'aphrodite-daily-precip',
      163: 'aphrodite-daily-precip',
      164: 'aphrodite-daily-precip',
      165: 'aphrodite-daily-precip',
      166: 'aphrodite-daily-precip',
      167: 'aphrodite-daily-precip',
      168: 'aphrodite-daily-precip',
      169: 'aphrodite-daily-precip',
      170: 'aphrodite-daily-precip',
      171: 'aphrodite-daily-precip',
      172: 'aphrodite-daily-precip',
      173: 'aphrodite-daily-precip',
      174: 'aphrodite-daily-precip',
      175: 'aphrodite-daily-precip',
      176: 'aphrodite-daily-precip',
      177: 'aphrodite-daily-precip',
      178: 'aphrodite-daily-precip',
      179: 'aphrodite-daily-precip',
      180: 'aphrodite-daily-precip',
      181: 'aphrodite-daily-precip',
      182: 'aphrodite-daily-precip',
      183: 'aphrodite-daily-precip',
      184: 'aphrodite-daily-precip',
      185: 'aphrodite-daily-precip',
      186: 'aphrodite-daily-precip',
      187: 'aphrodite-daily-precip',
      188: 'aphrodite-daily-precip',
      189: 'aphrodite-daily-precip',
      190: 'aphrodite-daily-precip',
      191: 'aphrodite-daily-precip',
      192: 'aphrodite-daily-precip',
      193: 'aphrodite-daily-precip',
      194: 'aphrodite-daily-precip',
      195: 'aphrodite-daily-precip',
      196: 'aphrodite-daily-precip',
      197: 'aphrodite-daily-precip',
      198: 'aphrodite-daily-precip',
      199: 'aphrodite-daily-precip',
      200: 'aphrodite-daily-precip',
      201: 'aphrodite-daily-precip',
      202: 'aphrodite-daily-precip',
      203: 'aphrodite-daily-precip',
      204: 'aphrodite-daily-precip',
      205: 'aphrodite-daily-precip',
      206: 'aphrodite-daily-precip',
      207: 'aphrodite-daily-precip',
      208: 'aphrodite-daily-precip',
      209: 'aphrodite-daily-precip',
      210: 'aphrodite-daily-precip',
      211: 'aphrodite-daily-precip',
      212: 'aphrodite-daily-precip',
      213: 'aphrodite-daily-precip',
      214: 'aphrodite-daily-precip',
      215: 'aphrodite-daily-precip',
      216: 'aphrodite-daily-precip',
      217: 'aphrodite-daily-precip',
      218: 'aphrodite-daily-precip',
      219: 'aphrodite-daily-precip',
      220: 'aphrodite-daily-precip',
      221: 'aphrodite-daily-precip',
      222: 'aphrodite-daily-precip',
      223: 'aphrodite-daily-precip',
      224: 'aphrodite-daily-precip',
      225: 'aphrodite-daily-precip',
      226: 'aphrodite-daily-precip',
      227: 'aphrodite-daily-precip',
      228: 'aphrodite-daily-precip',
      229: 'aphrodite-daily-precip',
      230: 'aphrodite-daily-precip',
      231: 'aphrodite-daily-precip',
      232: 'aphrodite-daily-precip',
      233: 'aphrodite-daily-precip',
      234: 'aphrodite-daily-precip',
      235: 'aphrodite-daily-precip',
      236: 'aphrodite-daily-precip',
      237: 'aphrodite-daily-precip',
      238: 'aphrodite-daily-precip',
      239: 'aphrodite-daily-precip',
      240: 'aphrodite-daily-precip',
      241: 'aphrodite-daily-precip',
      242: 'aphrodite-daily-precip',
      243: 'aphrodite-daily-precip',
      244: 'aphrodite-daily-precip',
      245: 'aphrodite-daily-precip',
      246: 'aphrodite-daily-precip',
      247: 'aphrodite-daily-precip',
      248: 'aphrodite-daily-precip',
      249: 'aphrodite-daily-precip',
      250: 'aphrodite-daily-precip',
      251: 'aphrodite-daily-precip',
      252: 'aphrodite-daily-precip',
      253: 'aphrodite-daily-precip',
      254: 'aphrodite-daily-precip',
      255: 'aphrodite-daily-precip',
      256: 'aphrodite-daily-precip',
      257: 'aphrodite-daily-precip',
      258: 'aphrodite-daily-precip',
      259: 'aphrodite-daily-precip',
      260: 'aphrodite-daily-precip',
      261: 'aphrodite-daily-precip',
      262: 'aphrodite-daily-precip',
      263: 'aphrodite-daily-precip',
      264: 'aphrodite-daily-precip',
      265: 'aphrodite-daily-precip',
      266: 'aphrodite-daily-precip',
      267: 'aphrodite-daily-precip',
      268: 'aphrodite-daily-precip',
      269: 'aphrodite-daily-precip',
      270: 'aphrodite-daily-precip',
      271: 'aphrodite-daily-precip',
      272: 'aphrodite-daily-precip',
      273: 'aphrodite-daily-precip',
      274: 'aphrodite-daily-precip',
      275: 'aphrodite-daily-precip',
      276: 'aphrodite-daily-precip',
      277: 'aphrodite-daily-precip',
      278: 'aphrodite-daily-precip',
      279: 'aphrodite-daily-precip',
      280: 'aphrodite-daily-precip',
      281: 'aphrodite-daily-precip',
      282: 'aphrodite-daily-precip',
      283: 'aphrodite-daily-precip',
      284: 'aphrodite-daily-precip',
      285: 'aphrodite-daily-precip',
      286: 'aphrodite-daily-precip',
      287: 'aphrodite-daily-precip',
      288: 'aphrodite-daily-precip',
      289: 'aphrodite-daily-precip',
      290: 'aphrodite-daily-precip',
      291: 'aphrodite-daily-precip',
      292: 'aphrodite-daily-precip',
      293: 'aphrodite-daily-precip',
      294: 'aphrodite-daily-precip',
      295: 'aphrodite-daily-precip',
      296: 'aphrodite-daily-precip',
      297: 'aphrodite-daily-precip',
      298: 'aphrodite-daily-precip',
      299: 'aphrodite-daily-precip',
      300: 'aphrodite-daily-precip',
      301: 'aphrodite-daily-precip',
      302: 'aphrodite-daily-precip',
      303: 'aphrodite-daily-precip',
      304: 'aphrodite-daily-precip',
      305: 'aphrodite-daily-precip',
      306: 'aphrodite-daily-precip',
      307: 'aphrodite-daily-precip',
      308: 'aphrodite-daily-precip',
      309: 'aphrodite-daily-precip',
      310: 'aphrodite-daily-precip',
      311: 'aphrodite-daily-precip',
      312: 'aphrodite-daily-precip',
      313: 'aphrodite-daily-precip',
      314: 'aphrodite-daily-precip',
      315: 'aphrodite-daily-precip',
      316: 'aphrodite-daily-precip',
      317: 'aphrodite-daily-precip',
      318: 'aphrodite-daily-precip',
      319: 'aphrodite-daily-precip',
      320: 'aphrodite-daily-precip',
      321: 'aphrodite-daily-precip',
      322: 'aphrodite-daily-precip',
      323: 'aphrodite-daily-precip',
      324: 'aphrodite-daily-precip',
      325: 'aphrodite-daily-precip',
      326: 'aphrodite-daily-precip',
      327: 'aphrodite-daily-precip',
      328: 'aphrodite-daily-precip',
      329: 'aphrodite-daily-precip',
      330: 'aphrodite-daily-precip',
      331: 'aphrodite-daily-precip',
      332: 'aphrodite-daily-precip',
      333: 'aphrodite-daily-precip',
      334: 'aphrodite-daily-precip',
      335: 'aphrodite-daily-precip',
      336: 'aphrodite-daily-precip',
      337: 'aphrodite-daily-precip',
      338: 'aphrodite-daily-precip',
      339: 'aphrodite-daily-precip',
      340: 'aphrodite-daily-precip',
      341: 'aphrodite-daily-precip',
      342: 'aphrodite-daily-precip',
      343: 'aphrodite-daily-precip',
      344: 'aphrodite-daily-precip',
      345: 'aphrodite-daily-precip',
      346: 'aphrodite-daily-precip',
      347: 'aphrodite-daily-precip',
      348: 'aphrodite-daily-precip',
      349: 'aphrodite-daily-precip',
      350: 'aphrodite-daily-precip',
      351: 'aphrodite-daily-precip',
      352: 'aphrodite-daily-precip',
      353: 'aphrodite-daily-precip',
      354: 'aphrodite-daily-precip',
      355: 'aphrodite-daily-precip',
      356: 'aphrodite-daily-precip',
      357: 'aphrodite-daily-precip',
      358: 'aphrodite-daily-precip',
      359: 'aphrodite-daily-precip',
      360: 'aphrodite-daily-precip',
      361: 'aphrodite-daily-precip',
      362: 'aphrodite-daily-precip',
      363: 'aphrodite-daily-precip',
      364: 'aphrodite-daily-precip',
    }),
    'month': dict({
      0: 1,
      1: 1,
      2: 1,
      3: 1,
      4: 1,
      5: 1,
      6: 1,
      7: 1,
      8: 1,
      9: 1,
      10: 1,
      11: 1,
      12: 1,
      13: 1,
      14: 1,
      15: 1,
      16: 1,
      17: 1,
      18: 1,
      19: 1,
      20: 1,
      21: 1,
      22: 1,
      23: 1,
      24: 1,
      25: 1,
      26: 1,
      27: 1,
      28: 1,
      29: 1,
      30: 1,
      31: 2,
      32: 2,
      33: 2,
      34: 2,
      35: 2,
      36: 2,
      37: 2,
      38: 2,
      39: 2,
      40: 2,
      41: 2,
      42: 2,
      43: 2,
      44: 2,
      45: 2,
      46: 2,
      47: 2,
      48: 2,
      49: 2,
      50: 2,
      51: 2,
      52: 2,
      53: 2,
      54: 2,
      55: 2,
      56: 2,
      57: 2,
      58: 2,
      59: 3,
      60: 3,
      61: 3,
      62: 3,
      63: 3,
      64: 3,
      65: 3,
      66: 3,
      67: 3,
      68: 3,
      69: 3,
      70: 3,
      71: 3,
      72: 3,
      73: 3,
      74: 3,
      75: 3,
      76: 3,
      77: 3,
      78: 3,
      79: 3,
      80: 3,
      81: 3,
      82: 3,
      83: 3,
      84: 3,
      85: 3,
      86: 3,
      87: 3,
      88: 3,
      89: 3,
      90: 4,
      91: 4,
      92: 4,
      93: 4,
      94: 4,
      95: 4,
      96: 4,
      97: 4,
      98: 4,
      99: 4,
      100: 4,
      101: 4,
      102: 4,
      103: 4,
      104: 4,
      105: 4,
      106: 4,
      107: 4,
      108: 4,
      109: 4,
      110: 4,
      111: 4,
      112: 4,
      113: 4,
      114: 4,
      115: 4,
      116: 4,
      117: 4,
      118: 4,
      119: 4,
      120: 5,
      121: 5,
      122: 5,
      123: 5,
      124: 5,
      125: 5,
      126: 5,
      127: 5,
      128: 5,
      129: 5,
      130: 5,
      131: 5,
      132: 5,
      133: 5,
      134: 5,
      135: 5,
      136: 5,
      137: 5,
      138: 5,
      139: 5,
      140: 5,
      141: 5,
      142: 5,
      143: 5,
      144: 5,
      145: 5,
      146: 5,
      147: 5,
      148: 5,
      149: 5,
      150: 5,
      151: 6,
      152: 6,
      153: 6,
      154: 6,
      155: 6,
      156: 6,
      157: 6,
      158: 6,
      159: 6,
      160: 6,
      161: 6,
      162: 6,
      163: 6,
      164: 6,
      165: 6,
      166: 6,
      167: 6,
      168: 6,
      169: 6,
      170: 6,
      171: 6,
      172: 6,
      173: 6,
      174: 6,
      175: 6,
      176: 6,
      177: 6,
      178: 6,
      179: 6,
      180: 6,
      181: 7,
      182: 7,
      183: 7,
      184: 7,
      185: 7,
      186: 7,
      187: 7,
      188: 7,
      189: 7,
      190: 7,
      191: 7,
      192: 7,
      193: 7,
      194: 7,
      195: 7,
      196: 7,
      197: 7,
      198: 7,
      199: 7,
      200: 7,
      201: 7,
      202: 7,
      203: 7,
      204: 7,
      205: 7,
      206: 7,
      207: 7,
      208: 7,
      209: 7,
      210: 7,
      211: 7,
      212: 8,
      213: 8,
      214: 8,
      215: 8,
      216: 8,
      217: 8,
      218: 8,
      219: 8,
      220: 8,
      221: 8,
      222: 8,
      223: 8,
      224: 8,
      225: 8,
      226: 8,
      227: 8,
      228: 8,
      229: 8,
      230: 8,
      231: 8,
      232: 8,
      233: 8,
      234: 8,
      235: 8,
      236: 8,
      237: 8,
      238: 8,
      239: 8,
      240: 8,
      241: 8,
      242: 8,
      243: 9,
      244: 9,
      245: 9,
      246: 9,
      247: 9,
      248: 9,
      249: 9,
      250: 9,
      251: 9,
      252: 9,
      253: 9,
      254: 9,
      255: 9,
      256: 9,
      257: 9,
      258: 9,
      259: 9,
      260: 9,
      261: 9,
      262: 9,
      263: 9,
      264: 9,
      265: 9,
      266: 9,
      267: 9,
      268: 9,
      269: 9,
      270: 9,
      271: 9,
      272: 9,
      273: 10,
      274: 10,
      275: 10,
      276: 10,
      277: 10,
      278: 10,
      279: 10,
      280: 10,
      281: 10,
      282: 10,
      283: 10,
      284: 10,
      285: 10,
      286: 10,
      287: 10,
      288: 10,
      289: 10,
      290: 10,
      291: 10,
      292: 10,
      293: 10,
      294: 10,
      295: 10,
      296: 10,
      297: 10,
      298: 10,
      299: 10,
      300: 10,
      301: 10,
      302: 10,
      303: 10,
      304: 11,
      305: 11,
      306: 11,
      307: 11,
      308: 11,
      309: 11,
      310: 11,
      311: 11,
      312: 11,
      313: 11,
      314: 11,
      315: 11,
      316: 11,
      317: 11,
      318: 11,
      319: 11,
      320: 11,
      321: 11,
      322: 11,
      323: 11,
      324: 11,
      325: 11,
      326: 11,
      327: 11,
      328: 11,
      329: 11,
      330: 11,
      331: 11,
      332: 11,
      333: 11,
      334: 12,
      335: 12,
      336: 12,
      337: 12,
      338: 12,
      339: 12,
      340: 12,
      341: 12,
      342: 12,
      343: 12,
      344: 12,
      345: 12,
      346: 12,
      347: 12,
      348: 12,
      349: 12,
      350: 12,
      351: 12,
      352: 12,
      353: 12,
      354: 12,
      355: 12,
      356: 12,
      357: 12,
      358: 12,
      359: 12,
      360: 12,
      361: 12,
      362: 12,
      363: 12,
      364: 12,
    }),
    'resolution': dict({
      0: '0.25°',
      1: '0.25°',
      2: '0.25°',
      3: '0.25°',
      4: '0.25°',
      5: '0.25°',
      6: '0.25°',
      7: '0.25°',
      8: '0.25°',
      9: '0.25°',
      10: '0.25°',
      11: '0.25°',
      12: '0.25°',
      13: '0.25°',
      14: '0.25°',
      15: '0.25°',
      16: '0.25°',
      17: '0.25°',
      18: '0.25°',
      19: '0.25°',
      20: '0.25°',
      21: '0.25°',
      22: '0.25°',
      23: '0.25°',
      24: '0.25°',
      25: '0.25°',
      26: '0.25°',
      27: '0.25°',
      28: '0.25°',
      29: '0.25°',
      30: '0.25°',
      31: '0.25°',
      32: '0.25°',
      33: '0.25°',
      34: '0.25°',
      35: '0.25°',
      36: '0.25°',
      37: '0.25°',
      38: '0.25°',
      39: '0.25°',
      40: '0.25°',
      41: '0.25°',
      42: '0.25°',
      43: '0.25°',
      44: '0.25°',
      45: '0.25°',
      46: '0.25°',
      47: '0.25°',
      48: '0.25°',
      49: '0.25°',
      50: '0.25°',
      51: '0.25°',
      52: '0.25°',
      53: '0.25°',
      54: '0.25°',
      55: '0.25°',
      56: '0.25°',
      57: '0.25°',
      58: '0.25°',
      59: '0.25°',
      60: '0.25°',
      61: '0.25°',
      62: '0.25°',
      63: '0.25°',
      64: '0.25°',
      65: '0.25°',
      66: '0.25°',
      67: '0.25°',
      68: '0.25°',
      69: '0.25°',
      70: '0.25°',
      71: '0.25°',
      72: '0.25°',
      73: '0.25°',
      74: '0.25°',
      75: '0.25°',
      76: '0.25°',
      77: '0.25°',
      78: '0.25°',
      79: '0.25°',
      80: '0.25°',
      81: '0.25°',
      82: '0.25°',
      83: '0.25°',
      84: '0.25°',
      85: '0.25°',
      86: '0.25°',
      87: '0.25°',
      88: '0.25°',
      89: '0.25°',
      90: '0.25°',
      91: '0.25°',
      92: '0.25°',
      93: '0.25°',
      94: '0.25°',
      95: '0.25°',
      96: '0.25°',
      97: '0.25°',
      98: '0.25°',
      99: '0.25°',
      100: '0.25°',
      101: '0.25°',
      102: '0.25°',
      103: '0.25°',
      104: '0.25°',
      105: '0.25°',
      106: '0.25°',
      107: '0.25°',
      108: '0.25°',
      109: '0.25°',
      110: '0.25°',
      111: '0.25°',
      112: '0.25°',
      113: '0.25°',
      114: '0.25°',
      115: '0.25°',
      116: '0.25°',
      117: '0.25°',
      118: '0.25°',
      119: '0.25°',
      120: '0.25°',
      121: '0.25°',
      122: '0.25°',
      123: '0.25°',
      124: '0.25°',
      125: '0.25°',
      126: '0.25°',
      127: '0.25°',
      128: '0.25°',
      129: '0.25°',
      130: '0.25°',
      131: '0.25°',
      132: '0.25°',
      133: '0.25°',
      134: '0.25°',
      135: '0.25°',
      136: '0.25°',
      137: '0.25°',
      138: '0.25°',
      139: '0.25°',
      140: '0.25°',
      141: '0.25°',
      142: '0.25°',
      143: '0.25°',
      144: '0.25°',
      145: '0.25°',
      146: '0.25°',
      147: '0.25°',
      148: '0.25°',
      149: '0.25°',
      150: '0.25°',
      151: '0.25°',
      152: '0.25°',
      153: '0.25°',
      154: '0.25°',
      155: '0.25°',
      156: '0.25°',
      157: '0.25°',
      158: '0.25°',
      159: '0.25°',
      160: '0.25°',
      161: '0.25°',
      162: '0.25°',
      163: '0.25°',
      164: '0.25°',
      165: '0.25°',
      166: '0.25°',
      167: '0.25°',
      168: '0.25°',
      169: '0.25°',
      170: '0.25°',
      171: '0.25°',
      172: '0.25°',
      173: '0.25°',
      174: '0.25°',
      175: '0.25°',
      176: '0.25°',
      177: '0.25°',
      178: '0.25°',
      179: '0.25°',
      180: '0.25°',
      181: '0.25°',
      182: '0.25°',
      183: '0.25°',
      184: '0.25°',
      185: '0.25°',
      186: '0.25°',
      187: '0.25°',
      188: '0.25°',
      189: '0.25°',
      190: '0.25°',
      191: '0.25°',
      192: '0.25°',
      193: '0.25°',
      194: '0.25°',
      195: '0.25°',
      196: '0.25°',
      197: '0.25°',
      198: '0.25°',
      199: '0.25°',
      200: '0.25°',
      201: '0.25°',
      202: '0.25°',
      203: '0.25°',
      204: '0.25°',
      205: '0.25°',
      206: '0.25°',
      207: '0.25°',
      208: '0.25°',
      209: '0.25°',
      210: '0.25°',
      211: '0.25°',
      212: '0.25°',
      213: '0.25°',
      214: '0.25°',
      215: '0.25°',
      216: '0.25°',
      217: '0.25°',
      218: '0.25°',
      219: '0.25°',
      220: '0.25°',
      221: '0.25°',
      222: '0.25°',
      223: '0.25°',
      224: '0.25°',
      225: '0.25°',
      226: '0.25°',
      227: '0.25°',
      228: '0.25°',
      229: '0.25°',
      230: '0.25°',
      231: '0.25°',
      232: '0.25°',
      233: '0.25°',
      234: '0.25°',
      235: '0.25°',
      236: '0.25°',
      237: '0.25°',
      238: '0.25°',
      239: '0.25°',
      240: '0.25°',
      241: '0.25°',
      242: '0.25°',
      243: '0.25°',
      244: '0.25°',
      245: '0.25°',
      246: '0.25°',
      247: '0.25°',
      248: '0.25°',
      249: '0.25°',
      250: '0.25°',
      251: '0.25°',
      252: '0.25°',
      253: '0.25°',
      254: '0.25°',
      255: '0.25°',
      256: '0.25°',
      257: '0.25°',
      258: '0.25°',
      259: '0.25°',
      260: '0.25°',
      261: '0.25°',
      262: '0.25°',
      263: '0.25°',
      264: '0.25°',
      265: '0.25°',
      266: '0.25°',
      267: '0.25°',
      268: '0.25°',
      269: '0.25°',
      270: '0.25°',
      271: '0.25°',
      272: '0.25°',
      273: '0.25°',
      274: '0.25°',
      275: '0.25°',
      276: '0.25°',
      277: '0.25°',
      278: '0.25°',
      279: '0.25°',
      280: '0.25°',
      281: '0.25°',
      282: '0.25°',
      283: '0.25°',
      284: '0.25°',
      285: '0.25°',
      286: '0.25°',
      287: '0.25°',
      288: '0.25°',
      289: '0.25°',
      290: '0.25°',
      291: '0.25°',
      292: '0.25°',
      293: '0.25°',
      294: '0.25°',
      295: '0.25°',
      296: '0.25°',
      297: '0.25°',
      298: '0.25°',
      299: '0.25°',
      300: '0.25°',
      301: '0.25°',
      302: '0.25°',
      303: '0.25°',
      304: '0.25°',
      305: '0.25°',
      306: '0.25°',
      307: '0.25°',
      308: '0.25°',
      309: '0.25°',
      310: '0.25°',
      311: '0.25°',
      312: '0.25°',
      313: '0.25°',
      314: '0.25°',
      315: '0.25°',
      316: '0.25°',
      317: '0.25°',
      318: '0.25°',
      319: '0.25°',
      320: '0.25°',
      321: '0.25°',
      322: '0.25°',
      323: '0.25°',
      324: '0.25°',
      325: '0.25°',
      326: '0.25°',
      327: '0.25°',
      328: '0.25°',
      329: '0.25°',
      330: '0.25°',
      331: '0.25°',
      332: '0.25°',
      333: '0.25°',
      334: '0.25°',
      335: '0.25°',
      336: '0.25°',
      337: '0.25°',
      338: '0.25°',
      339: '0.25°',
      340: '0.25°',
      341: '0.25°',
      342: '0.25°',
      343: '0.25°',
      344: '0.25°',
      345: '0.25°',
      346: '0.25°',
      347: '0.25°',
      348: '0.25°',
      349: '0.25°',
      350: '0.25°',
      351: '0.25°',
      352: '0.25°',
      353: '0.25°',
      354: '0.25°',
      355: '0.25°',
      356: '0.25°',
      357: '0.25°',
      358: '0.25°',
      359: '0.25°',
      360: '0.25°',
      361: '0.25°',
      362: '0.25°',
      363: '0.25°',
      364: '0.25°',
    }),
    'unit': dict({
      0: 'mm',
      1: 'mm',
      2: 'mm',
      3: 'mm',
      4: 'mm',
      5: 'mm',
      6: 'mm',
      7: 'mm',
      8: 'mm',
      9: 'mm',
      10: 'mm',
      11: 'mm',
      12: 'mm',
      13: 'mm',
      14: 'mm',
      15: 'mm',
      16: 'mm',
      17: 'mm',
      18: 'mm',
      19: 'mm',
      20: 'mm',
      21: 'mm',
      22: 'mm',
      23: 'mm',
      24: 'mm',
      25: 'mm',
      26: 'mm',
      27: 'mm',
      28: 'mm',
      29: 'mm',
      30: 'mm',
      31: 'mm',
      32: 'mm',
      33: 'mm',
      34: 'mm',
      35: 'mm',
      36: 'mm',
      37: 'mm',
      38: 'mm',
      39: 'mm',
      40: 'mm',
      41: 'mm',
      42: 'mm',
      43: 'mm',
      44: 'mm',
      45: 'mm',
      46: 'mm',
      47: 'mm',
      48: 'mm',
      49: 'mm',
      50: 'mm',
      51: 'mm',
      52: 'mm',
      53: 'mm',
      54: 'mm',
      55: 'mm',
      56: 'mm',
      57: 'mm',
      58: 'mm',
      59: 'mm',
      60: 'mm',
      61: 'mm',
      62: 'mm',
      63: 'mm',
      64: 'mm',
      65: 'mm',
      66: 'mm',
      67: 'mm',
      68: 'mm',
      69: 'mm',
      70: 'mm',
      71: 'mm',
      72: 'mm',
      73: 'mm',
      74: 'mm',
      75: 'mm',
      76: 'mm',
      77: 'mm',
      78: 'mm',
      79: 'mm',
      80: 'mm',
      81: 'mm',
      82: 'mm',
      83: 'mm',
      84: 'mm',
      85: 'mm',
      86: 'mm',
      87: 'mm',
      88: 'mm',
      89: 'mm',
      90: 'mm',
      91: 'mm',
      92: 'mm',
      93: 'mm',
      94: 'mm',
      95: 'mm',
      96: 'mm',
      97: 'mm',
      98: 'mm',
      99: 'mm',
      100: 'mm',
      101: 'mm',
      102: 'mm',
      103: 'mm',
      104: 'mm',
      105: 'mm',
      106: 'mm',
      107: 'mm',
      108: 'mm',
      109: 'mm',
      110: 'mm',
      111: 'mm',
      112: 'mm',
      113: 'mm',
      114: 'mm',
      115: 'mm',
      116: 'mm',
      117: 'mm',
      118: 'mm',
      119: 'mm',
      120: 'mm',
      121: 'mm',
      122: 'mm',
      123: 'mm',
      124: 'mm',
      125: 'mm',
      126: 'mm',
      127: 'mm',
      128: 'mm',
      129: 'mm',
      130: 'mm',
      131: 'mm',
      132: 'mm',
      133: 'mm',
      134: 'mm',
      135: 'mm',
      136: 'mm',
      137: 'mm',
      138: 'mm',
      139: 'mm',
      140: 'mm',
      141: 'mm',
      142: 'mm',
      143: 'mm',
      144: 'mm',
      145: 'mm',
      146: 'mm',
      147: 'mm',
      148: 'mm',
      149: 'mm',
      150: 'mm',
      151: 'mm',
      152: 'mm',
      153: 'mm',
      154: 'mm',
      155: 'mm',
      156: 'mm',
      157: 'mm',
      158: 'mm',
      159: 'mm',
      160: 'mm',
      161: 'mm',
      162: 'mm',
      163: 'mm',
      164: 'mm',
      165: 'mm',
      166: 'mm',
      167: 'mm',
      168: 'mm',
      169: 'mm',
      170: 'mm',
      171: 'mm',
      172: 'mm',
      173: 'mm',
      174: 'mm',
      175: 'mm',
      176: 'mm',
      177: 'mm',
      178: 'mm',
      179: 'mm',
      180: 'mm',
      181: 'mm',
      182: 'mm',
      183: 'mm',
      184: 'mm',
      185: 'mm',
      186: 'mm',
      187: 'mm',
      188: 'mm',
      189: 'mm',
      190: 'mm',
      191: 'mm',
      192: 'mm',
      193: 'mm',
      194: 'mm',
      195: 'mm',
      196: 'mm',
      197: 'mm',
      198: 'mm',
      199: 'mm',
      200: 'mm',
      201: 'mm',
      202: 'mm',
      203: 'mm',
      204: 'mm',
      205: 'mm',
      206: 'mm',
      207: 'mm',
      208: 'mm',
      209: 'mm',
      210: 'mm',
      211: 'mm',
      212: 'mm',
      213: 'mm',
      214: 'mm',
      215: 'mm',
      216: 'mm',
      217: 'mm',
      218: 'mm',
      219: 'mm',
      220: 'mm',
      221: 'mm',
      222: 'mm',
      223: 'mm',
      224: 'mm',
      225: 'mm',
      226: 'mm',
      227: 'mm',
      228: 'mm',
      229: 'mm',
      230: 'mm',
      231: 'mm',
      232: 'mm',
      233: 'mm',
      234: 'mm',
      235: 'mm',
      236: 'mm',
      237: 'mm',
      238: 'mm',
      239: 'mm',
      240: 'mm',
      241: 'mm',
      242: 'mm',
      243: 'mm',
      244: 'mm',
      245: 'mm',
      246: 'mm',
      247: 'mm',
      248: 'mm',
      249: 'mm',
      250: 'mm',
      251: 'mm',
      252: 'mm',
      253: 'mm',
      254: 'mm',
      255: 'mm',
      256: 'mm',
      257: 'mm',
      258: 'mm',
      259: 'mm',
      260: 'mm',
      261: 'mm',
      262: 'mm',
      263: 'mm',
      264: 'mm',
      265: 'mm',
      266: 'mm',
      267: 'mm',
      268: 'mm',
      269: 'mm',
      270: 'mm',
      271: 'mm',
      272: 'mm',
      273: 'mm',
      274: 'mm',
      275: 'mm',
      276: 'mm',
      277: 'mm',
      278: 'mm',
      279: 'mm',
      280: 'mm',
      281: 'mm',
      282: 'mm',
      283: 'mm',
      284: 'mm',
      285: 'mm',
      286: 'mm',
      287: 'mm',
      288: 'mm',
      289: 'mm',
      290: 'mm',
      291: 'mm',
      292: 'mm',
      293: 'mm',
      294: 'mm',
      295: 'mm',
      296: 'mm',
      297: 'mm',
      298: 'mm',
      299: 'mm',
      300: 'mm',
      301: 'mm',
      302: 'mm',
      303: 'mm',
      304: 'mm',
      305: 'mm',
      306: 'mm',
      307: 'mm',
      308: 'mm',
      309: 'mm',
      310: 'mm',
      311: 'mm',
      312: 'mm',
      313: 'mm',
      314: 'mm',
      315: 'mm',
      316: 'mm',
      317: 'mm',
      318: 'mm',
      319: 'mm',
      320: 'mm',
      321: 'mm',
      322: 'mm',
      323: 'mm',
      324: 'mm',
      325: 'mm',
      326: 'mm',
      327: 'mm',
      328: 'mm',
      329: 'mm',
      330: 'mm',
      331: 'mm',
      332: 'mm',
      333: 'mm',
      334: 'mm',
      335: 'mm',
      336: 'mm',
      337: 'mm',
      338: 'mm',
      339: 'mm',
      340: 'mm',
      341: 'mm',
      342: 'mm',
      343: 'mm',
      344: 'mm',
      345: 'mm',
      346: 'mm',
      347: 'mm',
      348: 'mm',
      349: 'mm',
      350: 'mm',
      351: 'mm',
      352: 'mm',
      353: 'mm',
      354: 'mm',
      355: 'mm',
      356: 'mm',
      357: 'mm',
      358: 'mm',
      359: 'mm',
      360: 'mm',
      361: 'mm',
      362: 'mm',
      363: 'mm',
      364: 'mm',
    }),
    'value': dict({
      0: 1008000.0,
      1: 1008000.0,
      2: 1008000.0,
      3: 1008000.0,
      4: 1008000.0,
      5: 1008000.0,
      6: 1008000.0,
      7: 1008000.0,
      8: 1008000.0,
      9: 1008000.0,
      10: 1008000.0,
      11: 1008000.0,
      12: 1008000.0,
      13: 1008000.0,
      14: 1008000.0,
      15: 1008000.0,
      16: 1008000.0,
      17: 1008000.0,
      18: 1008000.0,
      19: 1008000.0,
      20: 1008000.0,
      21: 1008000.0,
      22: 1008000.0,
      23: 1008000.0,
      24: 1008000.0,
      25: 1008000.0,
      26: 1008000.0,
      27: 1008000.0,
      28: 1008000.0,
      29: 1008000.0,
      30: 1008000.0,
      31: 1008000.0,
      32: 1008000.0,
      33: 1008000.0,
      34: 1008000.0,
      35: 1008000.0,
      36: 1008000.0,
      37: 1008000.0,
      38: 1008000.0,
      39: 1008000.0,
      40: 1008000.0,
      41: 1008000.0,
      42: 1008000.0,
      43: 1008000.0,
      44: 1008000.0,
      45: 1008000.0,
      46: 1008000.0,
      47: 1008000.0,
      48: 1008000.0,
      49: 1008000.0,
      50: 1008000.0,
      51: 1008000.0,
      52: 1008000.0,
      53: 1008000.0,
      54: 1008000.0,
      55: 1008000.0,
      56: 1008000.0,
      57: 1008000.0,
      58: 1008000.0,
      59: 1008000.0,
      60: 1008000.0,
      61: 1008000.0,
      62: 1008000.0,
      63: 1008000.0,
      64: 1008000.0,
      65: 1008000.0,
      66: 1008000.0,
      67: 1008000.0,
      68: 1008000.0,
      69: 1008000.0,
      70: 1008000.0,
      71: 1008000.0,
      72: 1008000.0,
      73: 1008000.0,
      74: 1008000.0,
      75: 1008000.0,
      76: 1008000.0,
      77: 1008000.0,
      78: 1008000.0,
      79: 1008000.0,
      80: 1008000.0,
      81: 1008000.0,
      82: 1008000.0,
      83: 1008000.0,
      84: 1008000.0,
      85: 1008000.0,
      86: 1008000.0,
      87: 1008000.0,
      88: 1008000.0,
      89: 1008000.0,
      90: 1008000.0,
      91: 1008000.0,
      92: 1008000.0,
      93: 1008000.0,
      94: 1008000.0,
      95: 1008000.0,
      96: 1008000.0,
      97: 1008000.0,
      98: 1008000.0,
      99: 1008000.0,
      100: 1008000.0,
      101: 1008000.0,
      102: 1008000.0,
      103: 1008000.0,
      104: 1008000.0,
      105: 1008000.0,
      106: 1008000.0,
      107: 1008000.0,
      108: 1008000.0,
      109: 1008000.0,
      110: 1008000.0,
      111: 1008000.0,
      112: 1008000.0,
      113: 1008000.0,
      114: 1008000.0,
      115: 1008000.0,
      116: 1008000.0,
      117: 1008000.0,
      118: 1008000.0,
      119: 1008000.0,
      120: 1008000.0,
      121: 1008000.0,
      122: 1008000.0,
      123: 1008000.0,
      124: 1008000.0,
      125: 1008000.0,
      126: 1008000.0,
      127: 1008000.0,
      128: 1008000.0,
      129: 1008000.0,
      130: 1008000.0,
      131: 1008000.0,
      132: 1008000.0,
      133: 1008000.0,
      134: 1008000.0,
      135: 1008000.0,
      136: 1008000.0,
      137: 1008000.0,
      138: 1008000.0,
      139: 1008000.0,
      140: 1008000.0,
      141: 1008000.0,
      142: 1008000.0,
      143: 1008000.0,
      144: 1008000.0,
      145: 1008000.0,
      146: 1008000.0,
      147: 1008000.0,
      148: 1008000.0,
      149: 1008000.0,
      150: 1008000.0,
      151: 1008000.0,
      152: 1008000.0,
      153: 1008000.0,
      154: 1008000.0,
      155: 1008000.0,
      156: 1008000.0,
      157: 1008000.0,
      158: 1008000.0,
      159: 1008000.0,
      160: 1008000.0,
      161: 1008000.0,
      162: 1008000.0,
      163: 1008000.0,
      164: 1008000.0,
      165: 1008000.0,
      166: 1008000.0,
      167: 1008000.0,
      168: 1008000.0,
      169: 1008000.0,
      170: 1008000.0,
      171: 1008000.0,
      172: 1008000.0,
      173: 1008000.0,
      174: 1008000.0,
      175: 1008000.0,
      176: 1008000.0,
      177: 1008000.0,
      178: 1008000.0,
      179: 1008000.0,
      180: 1008000.0,
      181: 1008000.0,
      182: 1008000.0,
      183: 1008000.0,
      184: 1008000.0,
      185: 1008000.0,
      186: 1008000.0,
      187: 1008000.0,
      188: 1008000.0,
      189: 1008000.0,
      190: 1008000.0,
      191: 1008000.0,
      192: 1008000.0,
      193: 1008000.0,
      194: 1008000.0,
      195: 1008000.0,
      196: 1008000.0,
      197: 1008000.0,
      198: 1008000.0,
      199: 1008000.0,
      200: 1008000.0,
      201: 1008000.0,
      202: 1008000.0,
      203: 1008000.0,
      204: 1008000.0,
      205: 1008000.0,
      206: 1008000.0,
      207: 1008000.0,
      208: 1008000.0,
      209: 1008000.0,
      210: 1008000.0,
      211: 1008000.0,
      212: 1008000.0,
      213: 1008000.0,
      214: 1008000.0,
      215: 1008000.0,
      216: 1008000.0,
      217: 1008000.0,
      218: 1008000.0,
      219: 1008000.0,
      220: 1008000.0,
      221: 1008000.0,
      222: 1008000.0,
      223: 1008000.0,
      224: 1008000.0,
      225: 1008000.0,
      226: 1008000.0,
      227: 1008000.0,
      228: 1008000.0,
      229: 1008000.0,
      230: 1008000.0,
      231: 1008000.0,
      232: 1008000.0,
      233: 1008000.0,
      234: 1008000.0,
      235: 1008000.0,
      236: 1008000.0,
      237: 1008000.0,
      238: 1008000.0,
      239: 1008000.0,
      240: 1008000.0,
      241: 1008000.0,
      242: 1008000.0,
      243: 1008000.0,
      244: 1008000.0,
      245: 1008000.0,
      246: 1008000.0,
      247: 1008000.0,
      248: 1008000.0,
      249: 1008000.0,
      250: 1008000.0,
      251: 1008000.0,
      252: 1008000.0,
      253: 1008000.0,
      254: 1008000.0,
      255: 1008000.0,
      256: 1008000.0,
      257: 1008000.0,
      258: 1008000.0,
      259: 1008000.0,
      260: 1008000.0,
      261: 1008000.0,
      262: 1008000.0,
      263: 1008000.0,
      264: 1008000.0,
      265: 1008000.0,
      266: 1008000.0,
      267: 1008000.0,
      268: 1008000.0,
      269: 1008000.0,
      270: 1008000.0,
      271: 1008000.0,
      272: 1008000.0,
      273: 1008000.0,
      274: 1008000.0,
      275: 1008000.0,
      276: 1008000.0,
      277: 1008000.0,
      278: 1008000.0,
      279: 1008000.0,
      280: 1008000.0,
      281: 1008000.0,
      282: 1008000.0,
      283: 1008000.0,
      284: 1008000.0,
      285: 1008000.0,
      286: 1008000.0,
      287: 1008000.0,
      288: 1008000.0,
      289: 1008000.0,
      290: 1008000.0,
      291: 1008000.0,
      292: 1008000.0,
      293: 1008000.0,
      294: 1008000.0,
      295: 1008000.0,
      296: 1008000.0,
      297: 1008000.0,
      298: 1008000.0,
      299: 1008000.0,
      300: 1008000.0,
      301: 1008000.0,
      302: 1008000.0,
      303: 1008000.0,
      304: 1008000.0,
      305: 1008000.0,
      306: 1008000.0,
      307: 1008000.0,
      308: 1008000.0,
      309: 1008000.0,
      310: 1008000.0,
      311: 1008000.0,
      312: 1008000.0,
      313: 1008000.0,
      314: 1008000.0,
      315: 1008000.0,
      316: 1008000.0,
      317: 1008000.0,
      318: 1008000.0,
      319: 1008000.0,
      320: 1008000.0,
      321: 1008000.0,
      322: 1008000.0,
      323: 1008000.0,
      324: 1008000.0,
      325: 1008000.0,
      326: 1008000.0,
      327: 1008000.0,
      328: 1008000.0,
      329: 1008000.0,
      330: 1008000.0,
      331: 1008000.0,
      332: 1008000.0,
      333: 1008000.0,
      334: 1008000.0,
      335: 1008000.0,
      336: 1008000.0,
      337: 1008000.0,
      338: 1008000.0,
      339: 1008000.0,
      340: 1008000.0,
      341: 1008000.0,
      342: 1008000.0,
      343: 1008000.0,
      344: 1008000.0,
      345: 1008000.0,
      346: 1008000.0,
      347: 1008000.0,
      348: 1008000.0,
      349: 1008000.0,
      350: 1008000.0,
      351: 1008000.0,
      352: 1008000.0,
      353: 1008000.0,
      354: 1008000.0,
      355: 1008000.0,
      356: 1008000.0,
      357: 1008000.0,
      358: 1008000.0,
      359: 1008000.0,
      360: 1008000.0,
      361: 1008000.0,
      362: 1008000.0,
      363: 1008000.0,
      364: 1008000.0,
    }),
    'week': dict({
      0: nan,
      1: nan,
      2: nan,
      3: nan,
      4: nan,
      5: nan,
      6: nan,
      7: nan,
      8: nan,
      9: nan,
      10: nan,
      11: nan,
      12: nan,
      13: nan,
      14: nan,
      15: nan,
      16: nan,
      17: nan,
      18: nan,
      19: nan,
      20: nan,
      21: nan,
      22: nan,
      23: nan,
      24: nan,
      25: nan,
      26: nan,
      27: nan,
      28: nan,
      29: nan,
      30: nan,
      31: nan,
      32: nan,
      33: nan,
      34: nan,
      35: nan,
      36: nan,
      37: nan,
      38: nan,
      39: nan,
      40: nan,
      41: nan,
      42: nan,
      43: nan,
      44: nan,
      45: nan,
      46: nan,
      47: nan,
      48: nan,
      49: nan,
      50: nan,
      51: nan,
      52: nan,
      53: nan,
      54: nan,
      55: nan,
      56: nan,
      57: nan,
      58: nan,
      59: nan,
      60: nan,
      61: nan,
      62: nan,
      63: nan,
      64: nan,
      65: nan,
      66: nan,
      67: nan,
      68: nan,
      69: nan,
      70: nan,
      71: nan,
      72: nan,
      73: nan,
      74: nan,
      75: nan,
      76: nan,
      77: nan,
      78: nan,
      79: nan,
      80: nan,
      81: nan,
      82: nan,
      83: nan,
      84: nan,
      85: nan,
      86: nan,
      87: nan,
      88: nan,
      89: nan,
      90: nan,
      91: nan,
      92: nan,
      93: nan,
      94: nan,
      95: nan,
      96: nan,
      97: nan,
      98: nan,
      99: nan,
      100: nan,
      101: nan,
      102: nan,
      103: nan,
      104: nan,
      105: nan,
      106: nan,
      107: nan,
      108: nan,
      109: nan,
      110: nan,
      111: nan,
      112: nan,
      113: nan,
      114: nan,
      115: nan,
      116: nan,
      117: nan,
      118: nan,
      119: nan,
      120: nan,
      121: nan,
      122: nan,
      123: nan,
      124: nan,
      125: nan,
      126: nan,
      127: nan,
      128: nan,
      129: nan,
      130: nan,
      131: nan,
      132: nan,
      133: nan,
      134: nan,
      135: nan,
      136: nan,
      137: nan,
      138: nan,
      139: nan,
      140: nan,
      141: nan,
      142: nan,
      143: nan,
      144: nan,
      145: nan,
      146: nan,
      147: nan,
      148: nan,
      149: nan,
      150: nan,
      151: nan,
      152: nan,
      153: nan,
      154: nan,
      155: nan,
      156: nan,
      157: nan,
      158: nan,
      159: nan,
      160: nan,
      161: nan,
      162: nan,
      163: nan,
      164: nan,
      165: nan,
      166: nan,
      167: nan,
      168: nan,
      169: nan,
      170: nan,
      171: nan,
      172: nan,
      173: nan,
      174: nan,
      175: nan,
      176: nan,
      177: nan,
      178: nan,
      179: nan,
      180: nan,
      181: nan,
      182: nan,
      183: nan,
      184: nan,
      185: nan,
      186: nan,
      187: nan,
      188: nan,
      189: nan,
      190: nan,
      191: nan,
      192: nan,
      193: nan,
      194: nan,
      195: nan,
      196: nan,
      197: nan,
      198: nan,
      199: nan,
      200: nan,
      201: nan,
      202: nan,
      203: nan,
      204: nan,
      205: nan,
      206: nan,
      207: nan,
      208: nan,
      209: nan,
      210: nan,
      211: nan,
      212: nan,
      213: nan,
      214: nan,
      215: nan,
      216: nan,
      217: nan,
      218: nan,
      219: nan,
      220: nan,
      221: nan,
      222: nan,
      223: nan,
      224: nan,
      225: nan,
      226: nan,
      227: nan,
      228: nan,
      229: nan,
      230: nan,
      231: nan,
      232: nan,
      233: nan,
      234: nan,
      235: nan,
      236: nan,
      237: nan,
      238: nan,
      239: nan,
      240: nan,
      241: nan,
      242: nan,
      243: nan,
      244: nan,
      245: nan,
      246: nan,
      247: nan,
      248: nan,
      249: nan,
      250: nan,
      251: nan,
      252: nan,
      253: nan,
      254: nan,
      255: nan,
      256: nan,
      257: nan,
      258: nan,
      259: nan,
      260: nan,
      261: nan,
      262: nan,
      263: nan,
      264: nan,
      265: nan,
      266: nan,
      267: nan,
      268: nan,
      269: nan,
      270: nan,
      271: nan,
      272: nan,
      273: nan,
      274: nan,
      275: nan,
      276: nan,
      277: nan,
      278: nan,
      279: nan,
      280: nan,
      281: nan,
      282: nan,
      283: nan,
      284: nan,
      285: nan,
      286: nan,
      287: nan,
      288: nan,
      289: nan,
      290: nan,
      291: nan,
      292: nan,
      293: nan,
      294: nan,
      295: nan,
      296: nan,
      297: nan,
      298: nan,
      299: nan,
      300: nan,
      301: nan,
      302: nan,
      303: nan,
      304: nan,
      305: nan,
      306: nan,
      307: nan,
      308: nan,
      309: nan,
      310: nan,
      311: nan,
      312: nan,
      313: nan,
      314: nan,
      315: nan,
      316: nan,
      317: nan,
      318: nan,
      319: nan,
      320: nan,
      321: nan,
      322: nan,
      323: nan,
      324: nan,
      325: nan,
      326: nan,
      327: nan,
      328: nan,
      329: nan,
      330: nan,
      331: nan,
      332: nan,
      333: nan,
      334: nan,
      335: nan,
      336: nan,
      337: nan,
      338: nan,
      339: nan,
      340: nan,
      341: nan,
      342: nan,
      343: nan,
      344: nan,
      345: nan,
      346: nan,
      347: nan,
      348: nan,
      349: nan,
      350: nan,
      351: nan,
      352: nan,
      353: nan,
      354: nan,
      355: nan,
      356: nan,
      357: nan,
      358: nan,
      359: nan,
      360: nan,
      361: nan,
      362: nan,
      363: nan,
      364: nan,
    }),
    'year': dict({
      0: 2023,
      1: 2023,
      2: 2023,
      3: 2023,
      4: 2023,
      5: 2023,
      6: 2023,
      7: 2023,
      8: 2023,
      9: 2023,
      10: 2023,
      11: 2023,
      12: 2023,
      13: 2023,
      14: 2023,
      15: 2023,
      16: 2023,
      17: 2023,
      18: 2023,
      19: 2023,
      20: 2023,
      21: 2023,
      22: 2023,
      23: 2023,
      24: 2023,
      25: 2023,
      26: 2023,
      27: 2023,
      28: 2023,
      29: 2023,
      30: 2023,
      31: 2023,
      32: 2023,
      33: 2023,
      34: 2023,
      35: 2023,
      36: 2023,
      37: 2023,
      38: 2023,
      39: 2023,
      40: 2023,
      41: 2023,
      42: 2023,
      43: 2023,
      44: 2023,
      45: 2023,
      46: 2023,
      47: 2023,
      48: 2023,
      49: 2023,
      50: 2023,
      51: 2023,
      52: 2023,
      53: 2023,
      54: 2023,
      55: 2023,
      56: 2023,
      57: 2023,
      58: 2023,
      59: 2023,
      60: 2023,
      61: 2023,
      62: 2023,
      63: 2023,
      64: 2023,
      65: 2023,
      66: 2023,
      67: 2023,
      68: 2023,
      69: 2023,
      70: 2023,
      71: 2023,
      72: 2023,
      73: 2023,
      74: 2023,
      75: 2023,
      76: 2023,
      77: 2023,
      78: 2023,
      79: 2023,
      80: 2023,
      81: 2023,
      82: 2023,
      83: 2023,
      84: 2023,
      85: 2023,
      86: 2023,
      87: 2023,
      88: 2023,
      89: 2023,
      90: 2023,
      91: 2023,
      92: 2023,
      93: 2023,
      94: 2023,
      95: 2023,
      96: 2023,
      97: 2023,
      98: 2023,
      99: 2023,
      100: 2023,
      101: 2023,
      102: 2023,
      103: 2023,
      104: 2023,
      105: 2023,
      106: 2023,
      107: 2023,
      108: 2023,
      109: 2023,
      110: 2023,
      111: 2023,
      112: 2023,
      113: 2023,
      114: 2023,
      115: 2023,
      116: 2023,
      117: 2023,
      118: 2023,
      119: 2023,
      120: 2023,
      121: 2023,
      122: 2023,
      123: 2023,
      124: 2023,
      125: 2023,
      126: 2023,
      127: 2023,
      128: 2023,
      129: 2023,
      130: 2023,
      131: 2023,
      132: 2023,
      133: 2023,
      134: 2023,
      135: 2023,
      136: 2023,
      137: 2023,
      138: 2023,
      139: 2023,
      140: 2023,
      141: 2023,
      142: 2023,
      143: 2023,
      144: 2023,
      145: 2023,
      146: 2023,
      147: 2023,
      148: 2023,
      149: 2023,
      150: 2023,
      151: 2023,
      152: 2023,
      153: 2023,
      154: 2023,
      155: 2023,
      156: 2023,
      157: 2023,
      158: 2023,
      159: 2023,
      160: 2023,
      161: 2023,
      162: 2023,
      163: 2023,
      164: 2023,
      165: 2023,
      166: 2023,
      167: 2023,
      168: 2023,
      169: 2023,
      170: 2023,
      171: 2023,
      172: 2023,
      173: 2023,
      174: 2023,
      175: 2023,
      176: 2023,
      177: 2023,
      178: 2023,
      179: 2023,
      180: 2023,
      181: 2023,
      182: 2023,
      183: 2023,
      184: 2023,
      185: 2023,
      186: 2023,
      187: 2023,
      188: 2023,
      189: 2023,
      190: 2023,
      191: 2023,
      192: 2023,
      193: 2023,
      194: 2023,
      195: 2023,
      196: 2023,
      197: 2023,
      198: 2023,
      199: 2023,
      200: 2023,
      201: 2023,
      202: 2023,
      203: 2023,
      204: 2023,
      205: 2023,
      206: 2023,
      207: 2023,
      208: 2023,
      209: 2023,
      210: 2023,
      211: 2023,
      212: 2023,
      213: 2023,
      214: 2023,
      215: 2023,
      216: 2023,
      217: 2023,
      218: 2023,
      219: 2023,
      220: 2023,
      221: 2023,
      222: 2023,
      223: 2023,
      224: 2023,
      225: 2023,
      226: 2023,
      227: 2023,
      228: 2023,
      229: 2023,
      230: 2023,
      231: 2023,
      232: 2023,
      233: 2023,
      234: 2023,
      235: 2023,
      236: 2023,
      237: 2023,
      238: 2023,
      239: 2023,
      240: 2023,
      241: 2023,
      242: 2023,
      243: 2023,
      244: 2023,
      245: 2023,
      246: 2023,
      247: 2023,
      248: 2023,
      249: 2023,
      250: 2023,
      251: 2023,
      252: 2023,
      253: 2023,
      254: 2023,
      255: 2023,
      256: 2023,
      257: 2023,
      258: 2023,
      259: 2023,
      260: 2023,
      261: 2023,
      262: 2023,
      263: 2023,
      264: 2023,
      265: 2023,
      266: 2023,
      267: 2023,
      268: 2023,
      269: 2023,
      270: 2023,
      271: 2023,
      272: 2023,
      273: 2023,
      274: 2023,
      275: 2023,
      276: 2023,
      277: 2023,
      278: 2023,
      279: 2023,
      280: 2023,
      281: 2023,
      282: 2023,
      283: 2023,
      284: 2023,
      285: 2023,
      286: 2023,
      287: 2023,
      288: 2023,
      289: 2023,
      290: 2023,
      291: 2023,
      292: 2023,
      293: 2023,
      294: 2023,
      295: 2023,
      296: 2023,
      297: 2023,
      298: 2023,
      299: 2023,
      300: 2023,
      301: 2023,
      302: 2023,
      303: 2023,
      304: 2023,
      305: 2023,
      306: 2023,
      307: 2023,
      308: 2023,
      309: 2023,
      310: 2023,
      311: 2023,
      312: 2023,
      313: 2023,
      314: 2023,
      315: 2023,
      316: 2023,
      317: 2023,
      318: 2023,
      319: 2023,
      320: 2023,
      321: 2023,
      322: 2023,
      323: 2023,
      324: 2023,
      325: 2023,
      326: 2023,
      327: 2023,
      328: 2023,
      329: 2023,
      330: 2023,
      331: 2023,
      332: 2023,
      333: 2023,
      334: 2023,
      335: 2023,
      336: 2023,
      337: 2023,
      338: 2023,
      339: 2023,
      340: 2023,
      341: 2023,
      342: 2023,
      343: 2023,
      344: 2023,
      345: 2023,
      346: 2023,
      347: 2023,
      348: 2023,
      349: 2023,
      350: 2023,
      351: 2023,
      352: 2023,
      353: 2023,
      354: 2023,
      355: 2023,
      356: 2023,
      357: 2023,
      358: 2023,
      359: 2023,
      360: 2023,
      361: 2023,
      362: 2023,
      363: 2023,
      364: 2023,
    }),
  })
# ---
# name: test_process_aphrodite_precipitation_data.1
  'aphrodite-daily-precip.csv'
# ---
